
[1m[46m RUN [49m[22m [36mv4.0.17 [39m[90mC:/gitrepo/perso/le-plan[39m

 [31m❯[39m lib/prisma.test.ts [2m([22m[2m0 test[22m[2m)[22m
 [31m❯[39m components/missions/edit-mission-modal.test.tsx [2m([22m[2m0 test[22m[2m)[22m
 [31m❯[39m lib/prisma-connectivity.test.ts [2m([22m[2m0 test[22m[2m)[22m
 [31m❯[39m components/missions/mission-list.test.tsx [2m([22m[2m0 test[22m[2m)[22m
 [31m❯[39m lib/updated_at.test.ts [2m([22m[2m0 test[22m[2m)[22m
 [31m❯[39m middleware.test.ts [2m([22m[2m0 test[22m[2m)[22m
 [31m❯[39m components/missions/mission-header-hero-ui.test.tsx [2m([22m[2m0 test[22m[2m)[22m
 [31m❯[39m components/missions/mission-card.test.tsx [2m([22m[2m0 test[22m[2m)[22m
 [31m❯[39m components/missions/mission-header-actions.test.tsx [2m([22m[2m0 test[22m[2m)[22m
 [31m❯[39m components/missions/mission-header-hero.test.tsx [2m([22m[2m0 test[22m[2m)[22m
 [31m❯[39m components/missions/add-mission-dialog-toast.test.tsx [2m([22m[2m0 test[22m[2m)[22m
 [31m❯[39m components/missions/add-mission-dialog.test.tsx [2m([22m[2m0 test[22m[2m)[22m
 [31m❯[39m components/missions/condensed-mission-row.test.tsx [2m([22m[2m0 test[22m[2m)[22m
 [31m❯[39m components/missions/mission-form-locked.test.tsx [2m([22m[2m1 test[22m[2m | [22m[31m1 failed[39m[2m)[22m[33m 1593[2mms[22m[39m
[31m     [31m×[31m disables project selection and shows project name when isProjectLocked is true[39m[33m 1589[2mms[22m[39m
 [31m❯[39m components/missions/state-badge.test.tsx [2m([22m[2m0 test[22m[2m)[22m
 [31m❯[39m components/projects/project-card.test.tsx [2m([22m[2m0 test[22m[2m)[22m
 [31m❯[39m components/layout/shell.test.tsx [2m([22m[2m0 test[22m[2m)[22m
 [31m❯[39m components/missions/status-timeline.test.tsx [2m([22m[2m0 test[22m[2m)[22m
 [31m❯[39m components/layout/sidebar.test.tsx [2m([22m[2m0 test[22m[2m)[22m
 [31m❯[39m components/missions/recently-completed-missions.test.tsx [2m([22m[2m0 test[22m[2m)[22m
 [31m❯[39m components/ui/breadcrumb.test.tsx [2m([22m[2m0 test[22m[2m)[22m
 [31m❯[39m components/layout/dashboard-header-with-dialog.test.tsx [2m([22m[2m0 test[22m[2m)[22m
 [31m❯[39m components/layout/dashboard-header.test.tsx [2m([22m[2m0 test[22m[2m)[22m
 [31m❯[39m components/projects/project-empty-state.test.tsx [2m([22m[2m0 test[22m[2m)[22m
 [31m❯[39m components/projects/project-mission-list.test.tsx [2m([22m[2m0 test[22m[2m)[22m
 [31m❯[39m components/projects/project-header.test.tsx [2m([22m[2m0 test[22m[2m)[22m
 [31m❯[39m components/projects/project-grid.test.tsx [2m([22m[2m0 test[22m[2m)[22m
 [31m❯[39m components/missions/task-list.test.tsx [2m([22m[2m6 tests[22m[2m | [22m[31m6 failed[39m[2m)[22m[33m 6544[2mms[22m[39m
[31m   [31m×[31m renders task list with completion and estimation[39m[33m 1270[2mms[22m[39m
[31m   [31m×[31m clicking checkbox calls updateTask[39m[33m 1060[2mms[22m[39m
[31m   [31m×[31m changing estimation calls updateTask via popover on double click[39m[33m 1057[2mms[22m[39m
[31m   [31m×[31m double-clicking a task title enters edit mode[39m[33m 1033[2mms[22m[39m
[31m   [31m×[31m displays clarified task counter[39m[33m 1072[2mms[22m[39m
[31m   [31m×[31m renders in read-only mode correctly[39m[33m 1048[2mms[22m[39m
 [31m❯[39m app/missions/actions.test.ts [2m([22m[2m0 test[22m[2m)[22m
 [31m❯[39m lib/missions/duration-utils.test.ts [2m([22m[2m0 test[22m[2m)[22m
 [31m❯[39m app/missions/milestone-actions.test.ts [2m([22m[2m0 test[22m[2m)[22m
 [31m❯[39m app/missions/status-history.test.ts [2m([22m[2m0 test[22m[2m)[22m
 [31m❯[39m app/projects/actions.test.ts [2m([22m[2m0 test[22m[2m)[22m
 [31m❯[39m lib/missions/state-machine.test.ts [2m([22m[2m0 test[22m[2m)[22m
 [31m❯[39m src/lib/prisma.test.ts [2m([22m[2m0 test[22m[2m)[22m
 [31m❯[39m src/lib/prisma-connectivity.test.ts [2m([22m[2m0 test[22m[2m)[22m
 [31m❯[39m app/missions/[id]/page.test.tsx [2m([22m[2m0 test[22m[2m)[22m
 [31m❯[39m src/lib/updated_at.test.ts [2m([22m[2m0 test[22m[2m)[22m
 [31m❯[39m src/components/projects/project-card.test.tsx [2m([22m[2m0 test[22m[2m)[22m
 [31m❯[39m src/components/projects/project-mission-list.test.tsx [2m([22m[2m0 test[22m[2m)[22m
 [31m❯[39m app/projects/[id]/page.test.tsx [2m([22m[2m0 test[22m[2m)[22m
 [31m❯[39m src/lib/missions/state-machine.test.ts [2m([22m[2m0 test[22m[2m)[22m
 [31m❯[39m src/lib/missions/duration-utils.test.ts [2m([22m[2m0 test[22m[2m)[22m
 [31m❯[39m src/components/projects/project-empty-state.test.tsx [2m([22m[2m0 test[22m[2m)[22m
 [31m❯[39m src/components/projects/project-header.test.tsx [2m([22m[2m0 test[22m[2m)[22m
stderr | src/components/ui/inline-editable-field/inline-editable-field.test.tsx > calls onSave and switches back to display mode on blur
An update to InlineEditableField inside a test was not wrapped in act(...).

When testing, code that causes React state updates should be wrapped into act(...):

act(() => {
  /* fire events that update state */
});
/* assert on the output */

This ensures that you're testing the behavior the user would see in the browser. Learn more at https://react.dev/link/wrap-tests-with-act
An update to InlineEditableField inside a test was not wrapped in act(...).

When testing, code that causes React state updates should be wrapped into act(...):

act(() => {
  /* fire events that update state */
});
/* assert on the output */

This ensures that you're testing the behavior the user would see in the browser. Learn more at https://react.dev/link/wrap-tests-with-act
An update to InlineEditableField inside a test was not wrapped in act(...).

When testing, code that causes React state updates should be wrapped into act(...):

act(() => {
  /* fire events that update state */
});
/* assert on the output */

This ensures that you're testing the behavior the user would see in the browser. Learn more at https://react.dev/link/wrap-tests-with-act

 [32m✓[39m components/missions/mission-actions.test.tsx [2m([22m[2m1 test[22m[2m)[22m[33m 1827[2mms[22m[39m
   [33m[2m✓[22m[39m renders mission actions trigger and options [33m 1822[2mms[22m[39m
 [32m✓[39m src/components/ui/inline-editable-field/inline-editable-field.test.tsx [2m([22m[2m6 tests[22m[2m)[22m[33m 1822[2mms[22m[39m
   [33m[2m✓[22m[39m calls onSave when priority is changed [33m 1376[2mms[22m[39m
 [32m✓[39m components/missions/milestone-actions.test.tsx [2m([22m[2m3 tests[22m[2m)[22m[33m 2511[2mms[22m[39m
     [33m[2m✓[22m[39m renders milestone actions trigger and handles edit [33m 1577[2mms[22m[39m
     [33m[2m✓[22m[39m handles delete with inline confirmation [33m 525[2mms[22m[39m
     [33m[2m✓[22m[39m resets confirmation state when menu closes [33m 404[2mms[22m[39m
stderr | components/ui/inline-editable-field/inline-editable-field.test.tsx > calls onSave and switches back to display mode on blur
An update to InlineEditableField inside a test was not wrapped in act(...).

When testing, code that causes React state updates should be wrapped into act(...):

act(() => {
  /* fire events that update state */
});
/* assert on the output */

This ensures that you're testing the behavior the user would see in the browser. Learn more at https://react.dev/link/wrap-tests-with-act
An update to InlineEditableField inside a test was not wrapped in act(...).

When testing, code that causes React state updates should be wrapped into act(...):

act(() => {
  /* fire events that update state */
});
/* assert on the output */

This ensures that you're testing the behavior the user would see in the browser. Learn more at https://react.dev/link/wrap-tests-with-act
An update to InlineEditableField inside a test was not wrapped in act(...).

When testing, code that causes React state updates should be wrapped into act(...):

act(() => {
  /* fire events that update state */
});
/* assert on the output */

This ensures that you're testing the behavior the user would see in the browser. Learn more at https://react.dev/link/wrap-tests-with-act

 [32m✓[39m src/components/projects/project-form.test.tsx [2m([22m[2m3 tests[22m[2m)[22m[33m 1135[2mms[22m[39m
   [33m[2m✓[22m[39m renders color palette [33m 569[2mms[22m[39m
   [33m[2m✓[22m[39m calls onSubmit with form data [33m 312[2mms[22m[39m
 [32m✓[39m components/ui/inline-editable-field/inline-editable-field.test.tsx [2m([22m[2m6 tests[22m[2m)[22m[33m 1421[2mms[22m[39m
   [33m[2m✓[22m[39m calls onSave when priority is changed [33m 1095[2mms[22m[39m
stderr | src/components/ui/inline-editable-field/inline-editable-field/inline-editable-field.test.tsx > calls onSave and switches back to display mode on blur
An update to InlineEditableField inside a test was not wrapped in act(...).

When testing, code that causes React state updates should be wrapped into act(...):

act(() => {
  /* fire events that update state */
});
/* assert on the output */

This ensures that you're testing the behavior the user would see in the browser. Learn more at https://react.dev/link/wrap-tests-with-act
An update to InlineEditableField inside a test was not wrapped in act(...).

When testing, code that causes React state updates should be wrapped into act(...):

act(() => {
  /* fire events that update state */
});
/* assert on the output */

This ensures that you're testing the behavior the user would see in the browser. Learn more at https://react.dev/link/wrap-tests-with-act
An update to InlineEditableField inside a test was not wrapped in act(...).

When testing, code that causes React state updates should be wrapped into act(...):

act(() => {
  /* fire events that update state */
});
/* assert on the output */

This ensures that you're testing the behavior the user would see in the browser. Learn more at https://react.dev/link/wrap-tests-with-act

 [32m✓[39m src/components/ui/inline-editable-field/inline-editable-field/inline-editable-field.test.tsx [2m([22m[2m6 tests[22m[2m)[22m[33m 1329[2mms[22m[39m
   [33m[2m✓[22m[39m calls onSave when priority is changed [33m 1080[2mms[22m[39m
 [32m✓[39m components/missions/mission-form.test.tsx [2m([22m[2m3 tests[22m[2m)[22m[33m 1555[2mms[22m[39m
     [33m[2m✓[22m[39m renders mission form with basic fields [33m 751[2mms[22m[39m
     [33m[2m✓[22m[39m submitting the form calls createMission and onSuccess [33m 541[2mms[22m[39m
 [32m✓[39m components/missions/priority-select.test.tsx [2m([22m[2m2 tests[22m[2m)[22m[33m 1277[2mms[22m[39m
   [33m[2m✓[22m[39m renders priority select with current value [33m 412[2mms[22m[39m
   [33m[2m✓[22m[39m calls onValueChange when a new value is selected [33m 862[2mms[22m[39m
 [32m✓[39m components/projects/project-form.test.tsx [2m([22m[2m3 tests[22m[2m)[22m[33m 1142[2mms[22m[39m
   [33m[2m✓[22m[39m renders form fields [33m 354[2mms[22m[39m
   [33m[2m✓[22m[39m renders color palette [33m 590[2mms[22m[39m
 [32m✓[39m src/components/projects/project-grid.test.tsx [2m([22m[2m2 tests[22m[2m)[22m[33m 568[2mms[22m[39m
   [33m[2m✓[22m[39m renders grid header and empty state [33m 554[2mms[22m[39m
stderr | components/missions/mission-detail-milestones.test.tsx > MissionDetailMilestones Integration > opens EditMilestoneDialog when edit is clicked
Warning: Missing `Description` or `aria-describedby={undefined}` for {DialogContent}.

Not implemented: navigation to another Document
 [32m✓[39m components/missions/mission-detail-milestones.test.tsx [2m([22m[2m2 tests[22m[2m)[22m[33m 936[2mms[22m[39m
     [33m[2m✓[22m[39m opens EditMilestoneDialog when edit is clicked [33m 894[2mms[22m[39m
 [32m✓[39m components/missions/priority-badge.test.tsx [2m([22m[2m5 tests[22m[2m)[22m[32m 216[2mms[22m[39m
 [32m✓[39m components/missions/delete-mission-dialog.test.tsx [2m([22m[2m1 test[22m[2m)[22m[33m 903[2mms[22m[39m
   [33m[2m✓[22m[39m renders delete confirmation dialog and handles confirm [33m 899[2mms[22m[39m
stderr | components/missions/milestone-dialogs.test.tsx > MilestoneForm > renders correctly with initial data
An update to MilestoneForm inside a test was not wrapped in act(...).

When testing, code that causes React state updates should be wrapped into act(...):

act(() => {
  /* fire events that update state */
});
/* assert on the output */

This ensures that you're testing the behavior the user would see in the browser. Learn more at https://react.dev/link/wrap-tests-with-act

 [32m✓[39m components/missions/milestone-dialogs.test.tsx [2m([22m[2m1 test[22m[2m)[22m[32m 297[2mms[22m[39m
 [32m✓[39m src/lib/utils.test.ts [2m([22m[2m14 tests[22m[2m)[22m[32m 65[2mms[22m[39m
 [32m✓[39m lib/utils.test.ts [2m([22m[2m14 tests[22m[2m)[22m[32m 65[2mms[22m[39m
 [32m✓[39m components/ui/grid-placeholder.test.tsx [2m([22m[2m3 tests[22m[2m)[22m[32m 81[2mms[22m[39m
 [32m✓[39m components/missions/mission-skeleton-card.test.tsx [2m([22m[2m1 test[22m[2m)[22m[32m 56[2mms[22m[39m
 [32m✓[39m components/missions/mission-timeline.test.tsx [2m([22m[2m5 tests[22m[2m)[22m[32m 187[2mms[22m[39m
 [32m✓[39m lib/load-utils.test.ts [2m([22m[2m5 tests[22m[2m)[22m[32m 10[2mms[22m[39m
 [32m✓[39m src/lib/load-utils.test.ts [2m([22m[2m5 tests[22m[2m)[22m[32m 5[2mms[22m[39m
 [32m✓[39m components/missions/mission-milestone-item.test.tsx [2m([22m[2m3 tests[22m[2m)[22m[32m 68[2mms[22m[39m
 [32m✓[39m components/missions/mission-milestone-list.test.tsx [2m([22m[2m5 tests[22m[2m)[22m[32m 131[2mms[22m[39m

⎯⎯⎯⎯⎯⎯ Failed Suites 43 ⎯⎯⎯⎯⎯⎯

 FAIL  middleware.test.ts [ middleware.test.ts ]
Error: Failed to resolve import "./middleware" from "middleware.test.ts". Does the file exist?
  Plugin: vite:import-analysis
  File: C:/gitrepo/perso/le-plan/middleware.test.ts:2:23
  1  |  import { expect, test } from "vitest";
  2  |  import { config } from "./middleware";
     |                          ^
  3  |  test("middleware config has correct matcher", () => {
  4  |    expect(config.matcher).toBeDefined();
 ❯ TransformPluginContext._formatLog node_modules/vite/dist/node/chunks/config.js:28999:43
 ❯ TransformPluginContext.error node_modules/vite/dist/node/chunks/config.js:28996:14
 ❯ normalizeUrl node_modules/vite/dist/node/chunks/config.js:27119:18
 ❯ node_modules/vite/dist/node/chunks/config.js:27177:32
 ❯ TransformPluginContext.transform node_modules/vite/dist/node/chunks/config.js:27145:4
 ❯ EnvironmentPluginContainer.transform node_modules/vite/dist/node/chunks/config.js:28797:14
 ❯ loadAndTransform node_modules/vite/dist/node/chunks/config.js:22670:26

⎯⎯⎯⎯⎯⎯⎯⎯⎯⎯⎯⎯⎯⎯⎯⎯⎯⎯⎯⎯⎯⎯⎯[1/50]⎯

 FAIL  lib/prisma-connectivity.test.ts [ lib/prisma-connectivity.test.ts ]
Error: Failed to resolve import "./prisma" from "lib/prisma-connectivity.test.ts". Does the file exist?
  Plugin: vite:import-analysis
  File: C:/gitrepo/perso/le-plan/lib/prisma-connectivity.test.ts:2:23
  1  |  import { describe, it, expect } from "vitest";
  2  |  import { prisma } from "./prisma";
     |                          ^
  3  |  describe("Prisma Connectivity", () => {
  4  |    it("should be able to query the database", async () => {
 ❯ TransformPluginContext._formatLog node_modules/vite/dist/node/chunks/config.js:28999:43
 ❯ TransformPluginContext.error node_modules/vite/dist/node/chunks/config.js:28996:14
 ❯ normalizeUrl node_modules/vite/dist/node/chunks/config.js:27119:18
 ❯ node_modules/vite/dist/node/chunks/config.js:27177:32
 ❯ TransformPluginContext.transform node_modules/vite/dist/node/chunks/config.js:27145:4
 ❯ EnvironmentPluginContainer.transform node_modules/vite/dist/node/chunks/config.js:28797:14
 ❯ loadAndTransform node_modules/vite/dist/node/chunks/config.js:22670:26

⎯⎯⎯⎯⎯⎯⎯⎯⎯⎯⎯⎯⎯⎯⎯⎯⎯⎯⎯⎯⎯⎯⎯[2/50]⎯

 FAIL  lib/prisma.test.ts [ lib/prisma.test.ts ]
Error: Failed to resolve import "./prisma" from "lib/prisma.test.ts". Does the file exist?
  Plugin: vite:import-analysis
  File: C:/gitrepo/perso/le-plan/lib/prisma.test.ts:6:36
  2  |  describe("Prisma Client Singleton", () => {
  3  |    it("should export a prisma instance", async () => {
  4  |      const { prisma } = await import("./prisma");
     |                                      ^
  5  |      expect(prisma).toBeDefined();
  6  |    });
 ❯ TransformPluginContext._formatLog node_modules/vite/dist/node/chunks/config.js:28999:43
 ❯ TransformPluginContext.error node_modules/vite/dist/node/chunks/config.js:28996:14
 ❯ normalizeUrl node_modules/vite/dist/node/chunks/config.js:27119:18
 ❯ node_modules/vite/dist/node/chunks/config.js:27177:32
 ❯ TransformPluginContext.transform node_modules/vite/dist/node/chunks/config.js:27145:4
 ❯ EnvironmentPluginContainer.transform node_modules/vite/dist/node/chunks/config.js:28797:14
 ❯ loadAndTransform node_modules/vite/dist/node/chunks/config.js:22670:26

⎯⎯⎯⎯⎯⎯⎯⎯⎯⎯⎯⎯⎯⎯⎯⎯⎯⎯⎯⎯⎯⎯⎯[3/50]⎯

 FAIL  lib/updated_at.test.ts [ lib/updated_at.test.ts ]
Error: Failed to resolve import "./prisma" from "lib/updated_at.test.ts". Does the file exist?
  Plugin: vite:import-analysis
  File: C:/gitrepo/perso/le-plan/lib/updated_at.test.ts:2:23
  1  |  import { describe, it, expect, beforeAll } from "vitest";
  2  |  import { prisma } from "./prisma";
     |                          ^
  3  |  describe("updated_at behavior", () => {
  4  |    let userId;
 ❯ TransformPluginContext._formatLog node_modules/vite/dist/node/chunks/config.js:28999:43
 ❯ TransformPluginContext.error node_modules/vite/dist/node/chunks/config.js:28996:14
 ❯ normalizeUrl node_modules/vite/dist/node/chunks/config.js:27119:18
 ❯ node_modules/vite/dist/node/chunks/config.js:27177:32
 ❯ TransformPluginContext.transform node_modules/vite/dist/node/chunks/config.js:27145:4
 ❯ EnvironmentPluginContainer.transform node_modules/vite/dist/node/chunks/config.js:28797:14
 ❯ loadAndTransform node_modules/vite/dist/node/chunks/config.js:22670:26

⎯⎯⎯⎯⎯⎯⎯⎯⎯⎯⎯⎯⎯⎯⎯⎯⎯⎯⎯⎯⎯⎯⎯[4/50]⎯

 FAIL  components/missions/add-mission-dialog-toast.test.tsx [ components/missions/add-mission-dialog-toast.test.tsx ]
Error: Failed to resolve import "next/link" from "components/missions/add-mission-dialog.tsx". Does the file exist?
  Plugin: vite:import-analysis
  File: C:/gitrepo/perso/le-plan/components/missions/add-mission-dialog.tsx:4:17
  2  |  import { jsxDEV } from "react/jsx-dev-runtime";
  3  |  import { useState } from "react";
  4  |  import Link from "next/link";
     |                    ^
  5  |  import {
  6  |    Dialog,
 ❯ TransformPluginContext._formatLog node_modules/vite/dist/node/chunks/config.js:28999:43
 ❯ TransformPluginContext.error node_modules/vite/dist/node/chunks/config.js:28996:14
 ❯ normalizeUrl node_modules/vite/dist/node/chunks/config.js:27119:18
 ❯ node_modules/vite/dist/node/chunks/config.js:27177:32
 ❯ TransformPluginContext.transform node_modules/vite/dist/node/chunks/config.js:27145:4
 ❯ EnvironmentPluginContainer.transform node_modules/vite/dist/node/chunks/config.js:28797:14
 ❯ loadAndTransform node_modules/vite/dist/node/chunks/config.js:22670:26

⎯⎯⎯⎯⎯⎯⎯⎯⎯⎯⎯⎯⎯⎯⎯⎯⎯⎯⎯⎯⎯⎯⎯[5/50]⎯

 FAIL  components/missions/add-mission-dialog.test.tsx [ components/missions/add-mission-dialog.test.tsx ]
 FAIL  components/layout/dashboard-header-with-dialog.test.tsx [ components/layout/dashboard-header-with-dialog.test.tsx ]
 FAIL  components/layout/dashboard-header.test.tsx [ components/layout/dashboard-header.test.tsx ]
 FAIL  components/projects/project-empty-state.test.tsx [ components/projects/project-empty-state.test.tsx ]
 FAIL  components/projects/project-header.test.tsx [ components/projects/project-header.test.tsx ]
 FAIL  src/components/projects/project-empty-state.test.tsx [ src/components/projects/project-empty-state.test.tsx ]
 FAIL  src/components/projects/project-header.test.tsx [ src/components/projects/project-header.test.tsx ]
Error: Failed to resolve import "next/link" from "components/missions/add-mission-dialog.tsx". Does the file exist?
  Plugin: vite:import-analysis
  File: C:/gitrepo/perso/le-plan/components/missions/add-mission-dialog.tsx:4:17
  2  |  import { jsxDEV } from "react/jsx-dev-runtime";
  3  |  import { useState } from "react";
  4  |  import Link from "next/link";
     |                    ^
  5  |  import {
  6  |    Dialog,
 ❯ TransformPluginContext._formatLog node_modules/vite/dist/node/chunks/config.js:28999:43
 ❯ TransformPluginContext.error node_modules/vite/dist/node/chunks/config.js:28996:14
 ❯ normalizeUrl node_modules/vite/dist/node/chunks/config.js:27119:18
 ❯ node_modules/vite/dist/node/chunks/config.js:27177:32
 ❯ TransformPluginContext.transform node_modules/vite/dist/node/chunks/config.js:27145:4
 ❯ EnvironmentPluginContainer.transform node_modules/vite/dist/node/chunks/config.js:28797:14
 ❯ loadAndTransform node_modules/vite/dist/node/chunks/config.js:22670:26
 ❯ fetchModule node_modules/vite/dist/node/chunks/config.js:33993:15

⎯⎯⎯⎯⎯⎯⎯⎯⎯⎯⎯⎯⎯⎯⎯⎯⎯⎯⎯⎯⎯⎯⎯[6/50]⎯

 FAIL  components/missions/condensed-mission-row.test.tsx [ components/missions/condensed-mission-row.test.tsx ]
Error: Failed to resolve import "next/navigation" from "components/missions/condensed-mission-row.tsx". Does the file exist?
  Plugin: vite:import-analysis
  File: C:/gitrepo/perso/le-plan/components/missions/condensed-mission-row.tsx:3:26
  1  |  "use client";
  2  |  import { jsxDEV } from "react/jsx-dev-runtime";
  3  |  import { useRouter } from "next/navigation";
     |                             ^
  4  |  import { MissionActions } from "./mission-actions";
  5  |  import { PriorityBadge } from "./priority-badge";
 ❯ TransformPluginContext._formatLog node_modules/vite/dist/node/chunks/config.js:28999:43
 ❯ TransformPluginContext.error node_modules/vite/dist/node/chunks/config.js:28996:14
 ❯ normalizeUrl node_modules/vite/dist/node/chunks/config.js:27119:18
 ❯ node_modules/vite/dist/node/chunks/config.js:27177:32
 ❯ TransformPluginContext.transform node_modules/vite/dist/node/chunks/config.js:27145:4
 ❯ EnvironmentPluginContainer.transform node_modules/vite/dist/node/chunks/config.js:28797:14
 ❯ loadAndTransform node_modules/vite/dist/node/chunks/config.js:22670:26

⎯⎯⎯⎯⎯⎯⎯⎯⎯⎯⎯⎯⎯⎯⎯⎯⎯⎯⎯⎯⎯⎯⎯[7/50]⎯

 FAIL  components/missions/edit-mission-modal.test.tsx [ components/missions/edit-mission-modal.test.tsx ]
Error: Failed to resolve import "@prisma/client" from "components/missions/edit-mission-modal.test.tsx". Does the file exist?
  Plugin: vite:import-analysis
  File: C:/gitrepo/perso/le-plan/components/missions/edit-mission-modal.test.tsx:4:0
  20 |  const __vi_import_1__ = await import("@testing-library/react");
  21 |  const __vi_import_2__ = await import("./edit-mission-modal");
  22 |  const __vi_import_3__ = await import("@prisma/client");
     |                                       ^
  23 |  
  24 |  
 ❯ TransformPluginContext._formatLog node_modules/vite/dist/node/chunks/config.js:28999:43
 ❯ TransformPluginContext.error node_modules/vite/dist/node/chunks/config.js:28996:14
 ❯ normalizeUrl node_modules/vite/dist/node/chunks/config.js:27119:18
 ❯ node_modules/vite/dist/node/chunks/config.js:27177:32
 ❯ TransformPluginContext.transform node_modules/vite/dist/node/chunks/config.js:27145:4
 ❯ EnvironmentPluginContainer.transform node_modules/vite/dist/node/chunks/config.js:28797:14
 ❯ loadAndTransform node_modules/vite/dist/node/chunks/config.js:22670:26

⎯⎯⎯⎯⎯⎯⎯⎯⎯⎯⎯⎯⎯⎯⎯⎯⎯⎯⎯⎯⎯⎯⎯[8/50]⎯

 FAIL  components/missions/mission-card.test.tsx [ components/missions/mission-card.test.tsx ]
Error: Failed to resolve import "@prisma/client" from "components/missions/mission-card.test.tsx". Does the file exist?
  Plugin: vite:import-analysis
  File: C:/gitrepo/perso/le-plan/components/missions/mission-card.test.tsx:5:44
  4  |  import { MissionCard } from "./mission-card";
  5  |  import { TooltipProvider } from "@/components/ui/tooltip";
  6  |  import { MissionState } from "@prisma/client";
     |                                ^
  7  |  beforeAll(() => {
  8  |    global.ResizeObserver = class {
 ❯ TransformPluginContext._formatLog node_modules/vite/dist/node/chunks/config.js:28999:43
 ❯ TransformPluginContext.error node_modules/vite/dist/node/chunks/config.js:28996:14
 ❯ normalizeUrl node_modules/vite/dist/node/chunks/config.js:27119:18
 ❯ node_modules/vite/dist/node/chunks/config.js:27177:32
 ❯ TransformPluginContext.transform node_modules/vite/dist/node/chunks/config.js:27145:4
 ❯ EnvironmentPluginContainer.transform node_modules/vite/dist/node/chunks/config.js:28797:14
 ❯ loadAndTransform node_modules/vite/dist/node/chunks/config.js:22670:26

⎯⎯⎯⎯⎯⎯⎯⎯⎯⎯⎯⎯⎯⎯⎯⎯⎯⎯⎯⎯⎯⎯⎯[9/50]⎯

 FAIL  components/missions/mission-header-actions.test.tsx [ components/missions/mission-header-actions.test.tsx ]
Error: Failed to resolve import "@prisma/client" from "components/missions/mission-header-actions.test.tsx". Does the file exist?
  Plugin: vite:import-analysis
  File: C:/gitrepo/perso/le-plan/components/missions/mission-header-actions.test.tsx:5:0
  73 |  const __vi_import_2__ = await import("./mission-header-hero");
  74 |  const __vi_import_3__ = await import("@/components/ui/tooltip");
  75 |  const __vi_import_4__ = await import("@prisma/client");
     |                                       ^
  76 |  
  77 |  
 ❯ TransformPluginContext._formatLog node_modules/vite/dist/node/chunks/config.js:28999:43
 ❯ TransformPluginContext.error node_modules/vite/dist/node/chunks/config.js:28996:14
 ❯ normalizeUrl node_modules/vite/dist/node/chunks/config.js:27119:18
 ❯ node_modules/vite/dist/node/chunks/config.js:27177:32
 ❯ TransformPluginContext.transform node_modules/vite/dist/node/chunks/config.js:27145:4
 ❯ EnvironmentPluginContainer.transform node_modules/vite/dist/node/chunks/config.js:28797:14
 ❯ loadAndTransform node_modules/vite/dist/node/chunks/config.js:22670:26

⎯⎯⎯⎯⎯⎯⎯⎯⎯⎯⎯⎯⎯⎯⎯⎯⎯⎯⎯⎯⎯⎯[10/50]⎯

 FAIL  components/missions/mission-header-hero-ui.test.tsx [ components/missions/mission-header-hero-ui.test.tsx ]
Error: Failed to resolve import "@prisma/client" from "components/missions/mission-header-hero-ui.test.tsx". Does the file exist?
  Plugin: vite:import-analysis
  File: C:/gitrepo/perso/le-plan/components/missions/mission-header-hero-ui.test.tsx:5:0
  33 |  const __vi_import_2__ = await import("./mission-header-hero");
  34 |  const __vi_import_3__ = await import("@/components/ui/tooltip");
  35 |  const __vi_import_4__ = await import("@prisma/client");
     |                                       ^
  36 |  
  37 |  
 ❯ TransformPluginContext._formatLog node_modules/vite/dist/node/chunks/config.js:28999:43
 ❯ TransformPluginContext.error node_modules/vite/dist/node/chunks/config.js:28996:14
 ❯ normalizeUrl node_modules/vite/dist/node/chunks/config.js:27119:18
 ❯ node_modules/vite/dist/node/chunks/config.js:27177:32
 ❯ TransformPluginContext.transform node_modules/vite/dist/node/chunks/config.js:27145:4
 ❯ EnvironmentPluginContainer.transform node_modules/vite/dist/node/chunks/config.js:28797:14
 ❯ loadAndTransform node_modules/vite/dist/node/chunks/config.js:22670:26

⎯⎯⎯⎯⎯⎯⎯⎯⎯⎯⎯⎯⎯⎯⎯⎯⎯⎯⎯⎯⎯⎯[11/50]⎯

 FAIL  components/missions/mission-header-hero.test.tsx [ components/missions/mission-header-hero.test.tsx ]
Error: Failed to resolve import "@prisma/client" from "components/missions/mission-header-hero.test.tsx". Does the file exist?
  Plugin: vite:import-analysis
  File: C:/gitrepo/perso/le-plan/components/missions/mission-header-hero.test.tsx:5:0
  37 |  const __vi_import_2__ = await import("./mission-header-hero");
  38 |  const __vi_import_3__ = await import("@/components/ui/tooltip");
  39 |  const __vi_import_4__ = await import("@prisma/client");
     |                                       ^
  40 |  
  41 |  
 ❯ TransformPluginContext._formatLog node_modules/vite/dist/node/chunks/config.js:28999:43
 ❯ TransformPluginContext.error node_modules/vite/dist/node/chunks/config.js:28996:14
 ❯ normalizeUrl node_modules/vite/dist/node/chunks/config.js:27119:18
 ❯ node_modules/vite/dist/node/chunks/config.js:27177:32
 ❯ TransformPluginContext.transform node_modules/vite/dist/node/chunks/config.js:27145:4
 ❯ EnvironmentPluginContainer.transform node_modules/vite/dist/node/chunks/config.js:28797:14
 ❯ loadAndTransform node_modules/vite/dist/node/chunks/config.js:22670:26

⎯⎯⎯⎯⎯⎯⎯⎯⎯⎯⎯⎯⎯⎯⎯⎯⎯⎯⎯⎯⎯⎯[12/50]⎯

 FAIL  components/missions/mission-list.test.tsx [ components/missions/mission-list.test.tsx ]
Error: Failed to resolve import "@prisma/client" from "components/missions/mission-list.test.tsx". Does the file exist?
  Plugin: vite:import-analysis
  File: C:/gitrepo/perso/le-plan/components/missions/mission-list.test.tsx:4:0
  23 |  const __vi_import_1__ = await import("@testing-library/react");
  24 |  const __vi_import_2__ = await import("./mission-list");
  25 |  const __vi_import_3__ = await import("@prisma/client");
     |                                       ^
  26 |  
  27 |  
 ❯ TransformPluginContext._formatLog node_modules/vite/dist/node/chunks/config.js:28999:43
 ❯ TransformPluginContext.error node_modules/vite/dist/node/chunks/config.js:28996:14
 ❯ normalizeUrl node_modules/vite/dist/node/chunks/config.js:27119:18
 ❯ node_modules/vite/dist/node/chunks/config.js:27177:32
 ❯ TransformPluginContext.transform node_modules/vite/dist/node/chunks/config.js:27145:4
 ❯ EnvironmentPluginContainer.transform node_modules/vite/dist/node/chunks/config.js:28797:14
 ❯ loadAndTransform node_modules/vite/dist/node/chunks/config.js:22670:26

⎯⎯⎯⎯⎯⎯⎯⎯⎯⎯⎯⎯⎯⎯⎯⎯⎯⎯⎯⎯⎯⎯[13/50]⎯

 FAIL  components/missions/recently-completed-missions.test.tsx [ components/missions/recently-completed-missions.test.tsx ]
Error: Failed to resolve import "next/link" from "components/missions/recently-completed-missions.tsx". Does the file exist?
  Plugin: vite:import-analysis
  File: C:/gitrepo/perso/le-plan/components/missions/recently-completed-missions.tsx:16:17
  13 |  import { getRecentlyCompletedMissions } from "@/app/projects/actions";
  14 |  import { Loader2, History, ArrowRight } from "lucide-react";
  15 |  import Link from "next/link";
     |                    ^
  16 |  export function RecentlyCompletedMissions({
  17 |    projectId,
 ❯ TransformPluginContext._formatLog node_modules/vite/dist/node/chunks/config.js:28999:43
 ❯ TransformPluginContext.error node_modules/vite/dist/node/chunks/config.js:28996:14
 ❯ normalizeUrl node_modules/vite/dist/node/chunks/config.js:27119:18
 ❯ node_modules/vite/dist/node/chunks/config.js:27177:32
 ❯ TransformPluginContext.transform node_modules/vite/dist/node/chunks/config.js:27145:4
 ❯ EnvironmentPluginContainer.transform node_modules/vite/dist/node/chunks/config.js:28797:14
 ❯ loadAndTransform node_modules/vite/dist/node/chunks/config.js:22670:26

⎯⎯⎯⎯⎯⎯⎯⎯⎯⎯⎯⎯⎯⎯⎯⎯⎯⎯⎯⎯⎯⎯[14/50]⎯

 FAIL  components/missions/state-badge.test.tsx [ components/missions/state-badge.test.tsx ]
Error: Failed to resolve import "@prisma/client" from "components/missions/state-badge.test.tsx". Does the file exist?
  Plugin: vite:import-analysis
  File: C:/gitrepo/perso/le-plan/components/missions/state-badge.test.tsx:4:44
  3  |  import { render, screen } from "@testing-library/react";
  4  |  import { StateBadge } from "./state-badge";
  5  |  import { MissionState, MissionReason } from "@prisma/client";
     |                                               ^
  6  |  describe("StateBadge", () => {
  7  |    it("should render Backlog label", () => {
 ❯ TransformPluginContext._formatLog node_modules/vite/dist/node/chunks/config.js:28999:43
 ❯ TransformPluginContext.error node_modules/vite/dist/node/chunks/config.js:28996:14
 ❯ normalizeUrl node_modules/vite/dist/node/chunks/config.js:27119:18
 ❯ node_modules/vite/dist/node/chunks/config.js:27177:32
 ❯ TransformPluginContext.transform node_modules/vite/dist/node/chunks/config.js:27145:4
 ❯ EnvironmentPluginContainer.transform node_modules/vite/dist/node/chunks/config.js:28797:14
 ❯ loadAndTransform node_modules/vite/dist/node/chunks/config.js:22670:26

⎯⎯⎯⎯⎯⎯⎯⎯⎯⎯⎯⎯⎯⎯⎯⎯⎯⎯⎯⎯⎯⎯[15/50]⎯

 FAIL  components/missions/status-timeline.test.tsx [ components/missions/status-timeline.test.tsx ]
Error: Failed to resolve import "@prisma/client" from "components/missions/status-timeline.test.tsx". Does the file exist?
  Plugin: vite:import-analysis
  File: C:/gitrepo/perso/le-plan/components/missions/status-timeline.test.tsx:4:44
  3  |  import { expect, test, describe } from "vitest";
  4  |  import { StatusTimeline } from "./status-timeline";
  5  |  import { MissionState, MissionReason } from "@prisma/client";
     |                                               ^
  6  |  describe("StatusTimeline", () => {
  7  |    const mockHistory = [
 ❯ TransformPluginContext._formatLog node_modules/vite/dist/node/chunks/config.js:28999:43
 ❯ TransformPluginContext.error node_modules/vite/dist/node/chunks/config.js:28996:14
 ❯ normalizeUrl node_modules/vite/dist/node/chunks/config.js:27119:18
 ❯ node_modules/vite/dist/node/chunks/config.js:27177:32
 ❯ TransformPluginContext.transform node_modules/vite/dist/node/chunks/config.js:27145:4
 ❯ EnvironmentPluginContainer.transform node_modules/vite/dist/node/chunks/config.js:28797:14
 ❯ loadAndTransform node_modules/vite/dist/node/chunks/config.js:22670:26

⎯⎯⎯⎯⎯⎯⎯⎯⎯⎯⎯⎯⎯⎯⎯⎯⎯⎯⎯⎯⎯⎯[16/50]⎯

 FAIL  components/layout/shell.test.tsx [ components/layout/shell.test.tsx ]
Error: Failed to resolve import "next/navigation" from "components/layout/shell.test.tsx". Does the file exist?
  Plugin: vite:import-analysis
  File: C:/gitrepo/perso/le-plan/components/layout/shell.test.tsx:4:0
  21 |  const __vi_import_1__ = await import("@testing-library/react");
  22 |  const __vi_import_2__ = await import("./shell");
  23 |  const __vi_import_3__ = await import("next/navigation");
     |                                       ^
  24 |  
  25 |  
 ❯ TransformPluginContext._formatLog node_modules/vite/dist/node/chunks/config.js:28999:43
 ❯ TransformPluginContext.error node_modules/vite/dist/node/chunks/config.js:28996:14
 ❯ normalizeUrl node_modules/vite/dist/node/chunks/config.js:27119:18
 ❯ node_modules/vite/dist/node/chunks/config.js:27177:32
 ❯ TransformPluginContext.transform node_modules/vite/dist/node/chunks/config.js:27145:4
 ❯ EnvironmentPluginContainer.transform node_modules/vite/dist/node/chunks/config.js:28797:14
 ❯ loadAndTransform node_modules/vite/dist/node/chunks/config.js:22670:26

⎯⎯⎯⎯⎯⎯⎯⎯⎯⎯⎯⎯⎯⎯⎯⎯⎯⎯⎯⎯⎯⎯[17/50]⎯

 FAIL  components/layout/sidebar.test.tsx [ components/layout/sidebar.test.tsx ]
Error: Failed to resolve import "next/navigation" from "components/layout/sidebar.test.tsx". Does the file exist?
  Plugin: vite:import-analysis
  File: C:/gitrepo/perso/le-plan/components/layout/sidebar.test.tsx:5:0
  21 |  const __vi_import_1__ = await import("@testing-library/react");
  22 |  const __vi_import_2__ = await import("./sidebar");
  23 |  const __vi_import_3__ = await import("next/navigation");
     |                                       ^
  24 |  
  25 |  
 ❯ TransformPluginContext._formatLog node_modules/vite/dist/node/chunks/config.js:28999:43
 ❯ TransformPluginContext.error node_modules/vite/dist/node/chunks/config.js:28996:14
 ❯ normalizeUrl node_modules/vite/dist/node/chunks/config.js:27119:18
 ❯ node_modules/vite/dist/node/chunks/config.js:27177:32
 ❯ TransformPluginContext.transform node_modules/vite/dist/node/chunks/config.js:27145:4
 ❯ EnvironmentPluginContainer.transform node_modules/vite/dist/node/chunks/config.js:28797:14
 ❯ loadAndTransform node_modules/vite/dist/node/chunks/config.js:22670:26

⎯⎯⎯⎯⎯⎯⎯⎯⎯⎯⎯⎯⎯⎯⎯⎯⎯⎯⎯⎯⎯⎯[18/50]⎯

 FAIL  components/ui/breadcrumb.test.tsx [ components/ui/breadcrumb.test.tsx ]
Error: Failed to resolve import "next/link" from "components/ui/breadcrumb.tsx". Does the file exist?
  Plugin: vite:import-analysis
  File: C:/gitrepo/perso/le-plan/components/ui/breadcrumb.tsx:2:17
  1  |  import { jsxDEV } from "react/jsx-dev-runtime";
  2  |  import Link from "next/link";
     |                    ^
  3  |  import { ChevronRight } from "lucide-react";
  4  |  import { cn } from "@/lib/utils";
 ❯ TransformPluginContext._formatLog node_modules/vite/dist/node/chunks/config.js:28999:43
 ❯ TransformPluginContext.error node_modules/vite/dist/node/chunks/config.js:28996:14
 ❯ normalizeUrl node_modules/vite/dist/node/chunks/config.js:27119:18
 ❯ node_modules/vite/dist/node/chunks/config.js:27177:32
 ❯ TransformPluginContext.transform node_modules/vite/dist/node/chunks/config.js:27145:4
 ❯ EnvironmentPluginContainer.transform node_modules/vite/dist/node/chunks/config.js:28797:14
 ❯ loadAndTransform node_modules/vite/dist/node/chunks/config.js:22670:26

⎯⎯⎯⎯⎯⎯⎯⎯⎯⎯⎯⎯⎯⎯⎯⎯⎯⎯⎯⎯⎯⎯[19/50]⎯

 FAIL  components/projects/project-card.test.tsx [ components/projects/project-card.test.tsx ]
Error: Failed to resolve import "@prisma/client" from "components/projects/project-card.test.tsx". Does the file exist?
  Plugin: vite:import-analysis
  File: C:/gitrepo/perso/le-plan/components/projects/project-card.test.tsx:4:44
  3  |  import { ProjectCard } from "./project-card";
  4  |  import { expect, test, vi } from "vitest";
  5  |  import { MissionState } from "@prisma/client";
     |                                ^
  6  |  const mockProject = {
  7  |    id: "1",
 ❯ TransformPluginContext._formatLog node_modules/vite/dist/node/chunks/config.js:28999:43
 ❯ TransformPluginContext.error node_modules/vite/dist/node/chunks/config.js:28996:14
 ❯ normalizeUrl node_modules/vite/dist/node/chunks/config.js:27119:18
 ❯ node_modules/vite/dist/node/chunks/config.js:27177:32
 ❯ TransformPluginContext.transform node_modules/vite/dist/node/chunks/config.js:27145:4
 ❯ EnvironmentPluginContainer.transform node_modules/vite/dist/node/chunks/config.js:28797:14
 ❯ loadAndTransform node_modules/vite/dist/node/chunks/config.js:22670:26

⎯⎯⎯⎯⎯⎯⎯⎯⎯⎯⎯⎯⎯⎯⎯⎯⎯⎯⎯⎯⎯⎯[20/50]⎯

 FAIL  components/projects/project-grid.test.tsx [ components/projects/project-grid.test.tsx ]
Error: Failed to resolve import "next/link" from "components/projects/project-card.tsx". Does the file exist?
  Plugin: vite:import-analysis
  File: C:/gitrepo/perso/le-plan/components/projects/project-card.tsx:14:17
  12 |  import { Button } from "@/components/ui/button";
  13 |  import { formatRelativeDuration } from "@/lib/utils";
  14 |  import Link from "next/link";
     |                    ^
  15 |  export function ProjectCard({ project, missions, onEdit, onDelete }) {
  16 |    const activeMissions = missions.filter((m) => m.state === MissionState.Active).sort((a, b) => {
 ❯ TransformPluginContext._formatLog node_modules/vite/dist/node/chunks/config.js:28999:43
 ❯ TransformPluginContext.error node_modules/vite/dist/node/chunks/config.js:28996:14
 ❯ normalizeUrl node_modules/vite/dist/node/chunks/config.js:27119:18
 ❯ node_modules/vite/dist/node/chunks/config.js:27177:32
 ❯ TransformPluginContext.transform node_modules/vite/dist/node/chunks/config.js:27145:4
 ❯ EnvironmentPluginContainer.transform node_modules/vite/dist/node/chunks/config.js:28797:14
 ❯ loadAndTransform node_modules/vite/dist/node/chunks/config.js:22670:26

⎯⎯⎯⎯⎯⎯⎯⎯⎯⎯⎯⎯⎯⎯⎯⎯⎯⎯⎯⎯⎯⎯[21/50]⎯

 FAIL  components/projects/project-mission-list.test.tsx [ components/projects/project-mission-list.test.tsx ]
Error: Failed to resolve import "@prisma/client" from "components/projects/project-mission-list.test.tsx". Does the file exist?
  Plugin: vite:import-analysis
  File: C:/gitrepo/perso/le-plan/components/projects/project-mission-list.test.tsx:4:0
  21 |  const __vi_import_1__ = await import("@testing-library/react");
  22 |  const __vi_import_2__ = await import("./project-mission-list");
  23 |  const __vi_import_3__ = await import("@prisma/client");
     |                                       ^
  24 |  
  25 |  
 ❯ TransformPluginContext._formatLog node_modules/vite/dist/node/chunks/config.js:28999:43
 ❯ TransformPluginContext.error node_modules/vite/dist/node/chunks/config.js:28996:14
 ❯ normalizeUrl node_modules/vite/dist/node/chunks/config.js:27119:18
 ❯ node_modules/vite/dist/node/chunks/config.js:27177:32
 ❯ TransformPluginContext.transform node_modules/vite/dist/node/chunks/config.js:27145:4
 ❯ EnvironmentPluginContainer.transform node_modules/vite/dist/node/chunks/config.js:28797:14
 ❯ loadAndTransform node_modules/vite/dist/node/chunks/config.js:22670:26

⎯⎯⎯⎯⎯⎯⎯⎯⎯⎯⎯⎯⎯⎯⎯⎯⎯⎯⎯⎯⎯⎯[22/50]⎯

 FAIL  app/missions/actions.test.ts [ app/missions/actions.test.ts ]
Error: Failed to resolve import "@prisma/client" from "app/missions/actions.test.ts". Does the file exist?
  Plugin: vite:import-analysis
  File: C:/gitrepo/perso/le-plan/app/missions/actions.test.ts:20:0
  44 |  const __vi_import_0__ = await import("./actions");
  45 |  const __vi_import_1__ = await import("@/lib/prisma");
  46 |  const __vi_import_2__ = await import("@prisma/client");
     |                                       ^
  47 |  import { describe, it, expect, vi, beforeEach } from "vitest";
  48 |  
 ❯ TransformPluginContext._formatLog node_modules/vite/dist/node/chunks/config.js:28999:43
 ❯ TransformPluginContext.error node_modules/vite/dist/node/chunks/config.js:28996:14
 ❯ normalizeUrl node_modules/vite/dist/node/chunks/config.js:27119:18
 ❯ node_modules/vite/dist/node/chunks/config.js:27177:32
 ❯ TransformPluginContext.transform node_modules/vite/dist/node/chunks/config.js:27145:4
 ❯ EnvironmentPluginContainer.transform node_modules/vite/dist/node/chunks/config.js:28797:14
 ❯ loadAndTransform node_modules/vite/dist/node/chunks/config.js:22670:26

⎯⎯⎯⎯⎯⎯⎯⎯⎯⎯⎯⎯⎯⎯⎯⎯⎯⎯⎯⎯⎯⎯[23/50]⎯

 FAIL  app/missions/milestone-actions.test.ts [ app/missions/milestone-actions.test.ts ]
Error: Failed to resolve import "@/lib/prisma" from "app/missions/milestone-actions.test.ts". Does the file exist?
  Plugin: vite:import-analysis
  File: C:/gitrepo/perso/le-plan/app/missions/milestone-actions.test.ts:9:0
  23 |  }));
  24 |  const __vi_import_0__ = await import("./actions");
  25 |  const __vi_import_1__ = await import("@/lib/prisma");
     |                                       ^
  26 |  import { describe, it, expect, vi, beforeEach } from "vitest";
  27 |  
 ❯ TransformPluginContext._formatLog node_modules/vite/dist/node/chunks/config.js:28999:43
 ❯ TransformPluginContext.error node_modules/vite/dist/node/chunks/config.js:28996:14
 ❯ normalizeUrl node_modules/vite/dist/node/chunks/config.js:27119:18
 ❯ node_modules/vite/dist/node/chunks/config.js:27177:32
 ❯ TransformPluginContext.transform node_modules/vite/dist/node/chunks/config.js:27145:4
 ❯ EnvironmentPluginContainer.transform node_modules/vite/dist/node/chunks/config.js:28797:14
 ❯ loadAndTransform node_modules/vite/dist/node/chunks/config.js:22670:26

⎯⎯⎯⎯⎯⎯⎯⎯⎯⎯⎯⎯⎯⎯⎯⎯⎯⎯⎯⎯⎯⎯[24/50]⎯

 FAIL  app/missions/status-history.test.ts [ app/missions/status-history.test.ts ]
Error: Failed to resolve import "@prisma/client" from "app/missions/status-history.test.ts". Does the file exist?
  Plugin: vite:import-analysis
  File: C:/gitrepo/perso/le-plan/app/missions/status-history.test.ts:4:0
  29 |  const __vi_import_0__ = await import("./actions");
  30 |  const __vi_import_1__ = await import("@/lib/prisma");
  31 |  const __vi_import_2__ = await import("@prisma/client");
     |                                       ^
  32 |  import { describe, it, expect, vi, beforeEach } from "vitest";
  33 |  
 ❯ TransformPluginContext._formatLog node_modules/vite/dist/node/chunks/config.js:28999:43
 ❯ TransformPluginContext.error node_modules/vite/dist/node/chunks/config.js:28996:14
 ❯ normalizeUrl node_modules/vite/dist/node/chunks/config.js:27119:18
 ❯ node_modules/vite/dist/node/chunks/config.js:27177:32
 ❯ TransformPluginContext.transform node_modules/vite/dist/node/chunks/config.js:27145:4
 ❯ EnvironmentPluginContainer.transform node_modules/vite/dist/node/chunks/config.js:28797:14
 ❯ loadAndTransform node_modules/vite/dist/node/chunks/config.js:22670:26

⎯⎯⎯⎯⎯⎯⎯⎯⎯⎯⎯⎯⎯⎯⎯⎯⎯⎯⎯⎯⎯⎯[25/50]⎯

 FAIL  app/projects/actions.test.ts [ app/projects/actions.test.ts ]
Error: Failed to resolve import "@/lib/prisma" from "app/projects/actions.test.ts". Does the file exist?
  Plugin: vite:import-analysis
  File: C:/gitrepo/perso/le-plan/app/projects/actions.test.ts:3:0
  24 |  }));
  25 |  const __vi_import_0__ = await import("./actions");
  26 |  const __vi_import_1__ = await import("@/lib/prisma");
     |                                       ^
  27 |  import { describe, it, expect, vi, beforeEach } from "vitest";
  28 |  
 ❯ TransformPluginContext._formatLog node_modules/vite/dist/node/chunks/config.js:28999:43
 ❯ TransformPluginContext.error node_modules/vite/dist/node/chunks/config.js:28996:14
 ❯ normalizeUrl node_modules/vite/dist/node/chunks/config.js:27119:18
 ❯ node_modules/vite/dist/node/chunks/config.js:27177:32
 ❯ TransformPluginContext.transform node_modules/vite/dist/node/chunks/config.js:27145:4
 ❯ EnvironmentPluginContainer.transform node_modules/vite/dist/node/chunks/config.js:28797:14
 ❯ loadAndTransform node_modules/vite/dist/node/chunks/config.js:22670:26

⎯⎯⎯⎯⎯⎯⎯⎯⎯⎯⎯⎯⎯⎯⎯⎯⎯⎯⎯⎯⎯⎯[26/50]⎯

 FAIL  lib/missions/duration-utils.test.ts [ lib/missions/duration-utils.test.ts ]
Error: Failed to resolve import "@prisma/client" from "lib/missions/duration-utils.test.ts". Does the file exist?
  Plugin: vite:import-analysis
  File: C:/gitrepo/perso/le-plan/lib/missions/duration-utils.test.ts:3:44
  1  |  import { describe, it, expect } from "vitest";
  2  |  import { calculateMissionDurations } from "./duration-utils";
  3  |  import { MissionState, MissionReason } from "@prisma/client";
     |                                               ^
  4  |  describe("calculateMissionDurations", () => {
  5  |    const now = /* @__PURE__ */ new Date("2026-02-19T15:00:00Z");
 ❯ TransformPluginContext._formatLog node_modules/vite/dist/node/chunks/config.js:28999:43
 ❯ TransformPluginContext.error node_modules/vite/dist/node/chunks/config.js:28996:14
 ❯ normalizeUrl node_modules/vite/dist/node/chunks/config.js:27119:18
 ❯ node_modules/vite/dist/node/chunks/config.js:27177:32
 ❯ TransformPluginContext.transform node_modules/vite/dist/node/chunks/config.js:27145:4
 ❯ EnvironmentPluginContainer.transform node_modules/vite/dist/node/chunks/config.js:28797:14
 ❯ loadAndTransform node_modules/vite/dist/node/chunks/config.js:22670:26

⎯⎯⎯⎯⎯⎯⎯⎯⎯⎯⎯⎯⎯⎯⎯⎯⎯⎯⎯⎯⎯⎯[27/50]⎯

 FAIL  lib/missions/state-machine.test.ts [ lib/missions/state-machine.test.ts ]
Error: Failed to resolve import "@prisma/client" from "lib/missions/state-machine.test.ts". Does the file exist?
  Plugin: vite:import-analysis
  File: C:/gitrepo/perso/le-plan/lib/missions/state-machine.test.ts:3:44
  1  |  import { describe, it, expect } from "vitest";
  2  |  import { MissionStateMachine } from "./state-machine";
  3  |  import { MissionState, MissionReason } from "@prisma/client";
     |                                               ^
  4  |  describe("MissionStateMachine", () => {
  5  |    describe("isValidTransition", () => {
 ❯ TransformPluginContext._formatLog node_modules/vite/dist/node/chunks/config.js:28999:43
 ❯ TransformPluginContext.error node_modules/vite/dist/node/chunks/config.js:28996:14
 ❯ normalizeUrl node_modules/vite/dist/node/chunks/config.js:27119:18
 ❯ node_modules/vite/dist/node/chunks/config.js:27177:32
 ❯ TransformPluginContext.transform node_modules/vite/dist/node/chunks/config.js:27145:4
 ❯ EnvironmentPluginContainer.transform node_modules/vite/dist/node/chunks/config.js:28797:14
 ❯ loadAndTransform node_modules/vite/dist/node/chunks/config.js:22670:26

⎯⎯⎯⎯⎯⎯⎯⎯⎯⎯⎯⎯⎯⎯⎯⎯⎯⎯⎯⎯⎯⎯[28/50]⎯

 FAIL  src/lib/prisma-connectivity.test.ts [ src/lib/prisma-connectivity.test.ts ]
Error: Failed to resolve import "./prisma" from "src/lib/prisma-connectivity.test.ts". Does the file exist?
  Plugin: vite:import-analysis
  File: C:/gitrepo/perso/le-plan/src/lib/prisma-connectivity.test.ts:2:23
  1  |  import { describe, it, expect } from "vitest";
  2  |  import { prisma } from "./prisma";
     |                          ^
  3  |  describe("Prisma Connectivity", () => {
  4  |    it("should be able to query the database", async () => {
 ❯ TransformPluginContext._formatLog node_modules/vite/dist/node/chunks/config.js:28999:43
 ❯ TransformPluginContext.error node_modules/vite/dist/node/chunks/config.js:28996:14
 ❯ normalizeUrl node_modules/vite/dist/node/chunks/config.js:27119:18
 ❯ node_modules/vite/dist/node/chunks/config.js:27177:32
 ❯ TransformPluginContext.transform node_modules/vite/dist/node/chunks/config.js:27145:4
 ❯ EnvironmentPluginContainer.transform node_modules/vite/dist/node/chunks/config.js:28797:14
 ❯ loadAndTransform node_modules/vite/dist/node/chunks/config.js:22670:26

⎯⎯⎯⎯⎯⎯⎯⎯⎯⎯⎯⎯⎯⎯⎯⎯⎯⎯⎯⎯⎯⎯[29/50]⎯

 FAIL  src/lib/prisma.test.ts [ src/lib/prisma.test.ts ]
Error: Failed to resolve import "./prisma" from "src/lib/prisma.test.ts". Does the file exist?
  Plugin: vite:import-analysis
  File: C:/gitrepo/perso/le-plan/src/lib/prisma.test.ts:6:36
  2  |  describe("Prisma Client Singleton", () => {
  3  |    it("should export a prisma instance", async () => {
  4  |      const { prisma } = await import("./prisma");
     |                                      ^
  5  |      expect(prisma).toBeDefined();
  6  |    });
 ❯ TransformPluginContext._formatLog node_modules/vite/dist/node/chunks/config.js:28999:43
 ❯ TransformPluginContext.error node_modules/vite/dist/node/chunks/config.js:28996:14
 ❯ normalizeUrl node_modules/vite/dist/node/chunks/config.js:27119:18
 ❯ node_modules/vite/dist/node/chunks/config.js:27177:32
 ❯ TransformPluginContext.transform node_modules/vite/dist/node/chunks/config.js:27145:4
 ❯ EnvironmentPluginContainer.transform node_modules/vite/dist/node/chunks/config.js:28797:14
 ❯ loadAndTransform node_modules/vite/dist/node/chunks/config.js:22670:26

⎯⎯⎯⎯⎯⎯⎯⎯⎯⎯⎯⎯⎯⎯⎯⎯⎯⎯⎯⎯⎯⎯[30/50]⎯

 FAIL  src/lib/updated_at.test.ts [ src/lib/updated_at.test.ts ]
Error: Failed to resolve import "./prisma" from "src/lib/updated_at.test.ts". Does the file exist?
  Plugin: vite:import-analysis
  File: C:/gitrepo/perso/le-plan/src/lib/updated_at.test.ts:2:23
  1  |  import { describe, it, expect, beforeAll } from "vitest";
  2  |  import { prisma } from "./prisma";
     |                          ^
  3  |  describe("updated_at behavior", () => {
  4  |    let userId;
 ❯ TransformPluginContext._formatLog node_modules/vite/dist/node/chunks/config.js:28999:43
 ❯ TransformPluginContext.error node_modules/vite/dist/node/chunks/config.js:28996:14
 ❯ normalizeUrl node_modules/vite/dist/node/chunks/config.js:27119:18
 ❯ node_modules/vite/dist/node/chunks/config.js:27177:32
 ❯ TransformPluginContext.transform node_modules/vite/dist/node/chunks/config.js:27145:4
 ❯ EnvironmentPluginContainer.transform node_modules/vite/dist/node/chunks/config.js:28797:14
 ❯ loadAndTransform node_modules/vite/dist/node/chunks/config.js:22670:26

⎯⎯⎯⎯⎯⎯⎯⎯⎯⎯⎯⎯⎯⎯⎯⎯⎯⎯⎯⎯⎯⎯[31/50]⎯

 FAIL  app/missions/[id]/page.test.tsx [ app/missions/[id]/page.test.tsx ]
Error: Failed to resolve import "@prisma/client" from "app/missions/[id]/page.test.tsx". Does the file exist?
  Plugin: vite:import-analysis
  File: C:/gitrepo/perso/le-plan/app/missions/[id]/page.test.tsx:4:0
  76 |  const __vi_import_1__ = await import("@testing-library/react");
  77 |  const __vi_import_2__ = await import("./page");
  78 |  const __vi_import_3__ = await import("@prisma/client");
     |                                       ^
  79 |  
  80 |  
 ❯ TransformPluginContext._formatLog node_modules/vite/dist/node/chunks/config.js:28999:43
 ❯ TransformPluginContext.error node_modules/vite/dist/node/chunks/config.js:28996:14
 ❯ normalizeUrl node_modules/vite/dist/node/chunks/config.js:27119:18
 ❯ node_modules/vite/dist/node/chunks/config.js:27177:32
 ❯ TransformPluginContext.transform node_modules/vite/dist/node/chunks/config.js:27145:4
 ❯ EnvironmentPluginContainer.transform node_modules/vite/dist/node/chunks/config.js:28797:14
 ❯ loadAndTransform node_modules/vite/dist/node/chunks/config.js:22670:26

⎯⎯⎯⎯⎯⎯⎯⎯⎯⎯⎯⎯⎯⎯⎯⎯⎯⎯⎯⎯⎯⎯[32/50]⎯

 FAIL  app/projects/[id]/page.test.tsx [ app/projects/[id]/page.test.tsx ]
Error: Failed to resolve import "next/dynamic" from "app/projects/[id]/page.tsx". Does the file exist?
  Plugin: vite:import-analysis
  File: C:/gitrepo/perso/le-plan/app/projects/[id]/page.tsx:1:20
  1  |  import { jsxDEV } from "react/jsx-dev-runtime";
  2  |  import dynamic from "next/dynamic";
     |                       ^
  3  |  const ProjectDetailContent = dynamic(
  4  |    () => import("@/components/projects/project-detail-page-client").then((mod) => ({ default: mod.ProjectDetailContent...
 ❯ TransformPluginContext._formatLog node_modules/vite/dist/node/chunks/config.js:28999:43
 ❯ TransformPluginContext.error node_modules/vite/dist/node/chunks/config.js:28996:14
 ❯ normalizeUrl node_modules/vite/dist/node/chunks/config.js:27119:18
 ❯ node_modules/vite/dist/node/chunks/config.js:27177:32
 ❯ TransformPluginContext.transform node_modules/vite/dist/node/chunks/config.js:27145:4
 ❯ EnvironmentPluginContainer.transform node_modules/vite/dist/node/chunks/config.js:28797:14
 ❯ loadAndTransform node_modules/vite/dist/node/chunks/config.js:22670:26

⎯⎯⎯⎯⎯⎯⎯⎯⎯⎯⎯⎯⎯⎯⎯⎯⎯⎯⎯⎯⎯⎯[33/50]⎯

 FAIL  src/components/projects/project-card.test.tsx [ src/components/projects/project-card.test.tsx ]
Error: Failed to resolve import "@prisma/client" from "src/components/projects/project-card.test.tsx". Does the file exist?
  Plugin: vite:import-analysis
  File: C:/gitrepo/perso/le-plan/src/components/projects/project-card.test.tsx:4:44
  3  |  import { ProjectCard } from "./project-card";
  4  |  import { expect, test, vi } from "vitest";
  5  |  import { MissionState } from "@prisma/client";
     |                                ^
  6  |  const mockProject = {
  7  |    id: "1",
 ❯ TransformPluginContext._formatLog node_modules/vite/dist/node/chunks/config.js:28999:43
 ❯ TransformPluginContext.error node_modules/vite/dist/node/chunks/config.js:28996:14
 ❯ normalizeUrl node_modules/vite/dist/node/chunks/config.js:27119:18
 ❯ node_modules/vite/dist/node/chunks/config.js:27177:32
 ❯ TransformPluginContext.transform node_modules/vite/dist/node/chunks/config.js:27145:4
 ❯ EnvironmentPluginContainer.transform node_modules/vite/dist/node/chunks/config.js:28797:14
 ❯ loadAndTransform node_modules/vite/dist/node/chunks/config.js:22670:26

⎯⎯⎯⎯⎯⎯⎯⎯⎯⎯⎯⎯⎯⎯⎯⎯⎯⎯⎯⎯⎯⎯[34/50]⎯

 FAIL  src/components/projects/project-mission-list.test.tsx [ src/components/projects/project-mission-list.test.tsx ]
Error: Failed to resolve import "@prisma/client" from "src/components/projects/project-mission-list.test.tsx". Does the file exist?
  Plugin: vite:import-analysis
  File: C:/gitrepo/perso/le-plan/src/components/projects/project-mission-list.test.tsx:4:0
  21 |  const __vi_import_1__ = await import("@testing-library/react");
  22 |  const __vi_import_2__ = await import("./project-mission-list");
  23 |  const __vi_import_3__ = await import("@prisma/client");
     |                                       ^
  24 |  
  25 |  
 ❯ TransformPluginContext._formatLog node_modules/vite/dist/node/chunks/config.js:28999:43
 ❯ TransformPluginContext.error node_modules/vite/dist/node/chunks/config.js:28996:14
 ❯ normalizeUrl node_modules/vite/dist/node/chunks/config.js:27119:18
 ❯ node_modules/vite/dist/node/chunks/config.js:27177:32
 ❯ TransformPluginContext.transform node_modules/vite/dist/node/chunks/config.js:27145:4
 ❯ EnvironmentPluginContainer.transform node_modules/vite/dist/node/chunks/config.js:28797:14
 ❯ loadAndTransform node_modules/vite/dist/node/chunks/config.js:22670:26

⎯⎯⎯⎯⎯⎯⎯⎯⎯⎯⎯⎯⎯⎯⎯⎯⎯⎯⎯⎯⎯⎯[35/50]⎯

 FAIL  src/lib/missions/duration-utils.test.ts [ src/lib/missions/duration-utils.test.ts ]
Error: Failed to resolve import "@prisma/client" from "src/lib/missions/duration-utils.test.ts". Does the file exist?
  Plugin: vite:import-analysis
  File: C:/gitrepo/perso/le-plan/src/lib/missions/duration-utils.test.ts:3:44
  1  |  import { describe, it, expect } from "vitest";
  2  |  import { calculateMissionDurations } from "./duration-utils";
  3  |  import { MissionState, MissionReason } from "@prisma/client";
     |                                               ^
  4  |  describe("calculateMissionDurations", () => {
  5  |    const now = /* @__PURE__ */ new Date("2026-02-19T15:00:00Z");
 ❯ TransformPluginContext._formatLog node_modules/vite/dist/node/chunks/config.js:28999:43
 ❯ TransformPluginContext.error node_modules/vite/dist/node/chunks/config.js:28996:14
 ❯ normalizeUrl node_modules/vite/dist/node/chunks/config.js:27119:18
 ❯ node_modules/vite/dist/node/chunks/config.js:27177:32
 ❯ TransformPluginContext.transform node_modules/vite/dist/node/chunks/config.js:27145:4
 ❯ EnvironmentPluginContainer.transform node_modules/vite/dist/node/chunks/config.js:28797:14
 ❯ loadAndTransform node_modules/vite/dist/node/chunks/config.js:22670:26

⎯⎯⎯⎯⎯⎯⎯⎯⎯⎯⎯⎯⎯⎯⎯⎯⎯⎯⎯⎯⎯⎯[36/50]⎯

 FAIL  src/lib/missions/state-machine.test.ts [ src/lib/missions/state-machine.test.ts ]
Error: Failed to resolve import "@prisma/client" from "src/lib/missions/state-machine.test.ts". Does the file exist?
  Plugin: vite:import-analysis
  File: C:/gitrepo/perso/le-plan/src/lib/missions/state-machine.test.ts:3:44
  1  |  import { describe, it, expect } from "vitest";
  2  |  import { MissionStateMachine } from "./state-machine";
  3  |  import { MissionState, MissionReason } from "@prisma/client";
     |                                               ^
  4  |  describe("MissionStateMachine", () => {
  5  |    describe("isValidTransition", () => {
 ❯ TransformPluginContext._formatLog node_modules/vite/dist/node/chunks/config.js:28999:43
 ❯ TransformPluginContext.error node_modules/vite/dist/node/chunks/config.js:28996:14
 ❯ normalizeUrl node_modules/vite/dist/node/chunks/config.js:27119:18
 ❯ node_modules/vite/dist/node/chunks/config.js:27177:32
 ❯ TransformPluginContext.transform node_modules/vite/dist/node/chunks/config.js:27145:4
 ❯ EnvironmentPluginContainer.transform node_modules/vite/dist/node/chunks/config.js:28797:14
 ❯ loadAndTransform node_modules/vite/dist/node/chunks/config.js:22670:26

⎯⎯⎯⎯⎯⎯⎯⎯⎯⎯⎯⎯⎯⎯⎯⎯⎯⎯⎯⎯⎯⎯[37/50]⎯


⎯⎯⎯⎯⎯⎯⎯ Failed Tests 7 ⎯⎯⎯⎯⎯⎯⎯

 FAIL  components/missions/mission-form-locked.test.tsx > MissionForm with Locked Project > disables project selection and shows project name when isProjectLocked is true
TestingLibraryElementError: Unable to find an element with the text: Locked Project. This could be because the text is broken up by multiple elements. In this case, you can provide a function for your text matcher to make your matcher more flexible.

Ignored nodes: comments, script, style
<body>
  <div>
    <form
      class="space-y-4"
    >
      <div
        class="space-y-2"
      >
        <label
          class="flex items-center gap-2 text-sm leading-none font-medium select-none group-data-[disabled=true]:pointer-events-none group-data-[disabled=true]:opacity-50 peer-disabled:cursor-not-allowed peer-disabled:opacity-50"
          data-slot="label"
          for="title"
        >
          Titre
        </label>
        <input
          class="file:text-foreground placeholder:text-muted-foreground selection:bg-primary selection:text-primary-foreground dark:bg-input/30 border-input h-9 w-full min-w-0 rounded-md border bg-transparent px-3 py-1 text-base shadow-xs transition-[color,box-shadow] outline-none file:inline-flex file:h-7 file:border-0 file:bg-transparent file:text-sm file:font-medium disabled:pointer-events-none disabled:cursor-not-allowed disabled:opacity-50 md:text-sm focus-visible:border-ring focus-visible:ring-ring/50 focus-visible:ring-[3px] aria-invalid:ring-destructive/20 dark:aria-invalid:ring-destructive/40 aria-invalid:border-destructive"
          data-slot="input"
          id="title"
          name="title"
          placeholder="Nom de la mission"
          required=""
        />
      </div>
      <div
        class="space-y-2"
      >
        <label
          class="flex items-center gap-2 text-sm leading-none font-medium select-none group-data-[disabled=true]:pointer-events-none group-data-[disabled=true]:opacity-50 peer-disabled:cursor-not-allowed peer-disabled:opacity-50"
          data-slot="label"
          for="type"
        >
          Type
        </label>
        <button
          aria-autocomplete="none"
          aria-controls="radix-_r_0_"
          aria-expanded="false"
          aria-required="true"
          class="border-input data-[placeholder]:text-muted-foreground [&_svg:not([class*='text-'])]:text-muted-foreground focus-visible:border-ring focus-visible:ring-ring/50 aria-invalid:ring-destructive/20 dark:aria-invalid:ring-destructive/40 aria-invalid:border-destructive dark:bg-input/30 dark:hover:bg-input/50 flex w-fit items-center justify-between gap-2 rounded-md border bg-transparent px-3 py-2 text-sm whitespace-nowrap shadow-xs transition-[color,box-shadow] outline-none focus-visible:ring-[3px] disabled:cursor-not-allowed disabled:opacity-50 data-[size=default]:h-9 data-[size=sm]:h-8 *:data-[slot=select-value]:line-clamp-1 *:data-[slot=select-value]:flex *:data-[slot=select-value]:items-center *:data-[slot=select-value]:gap-2 [&_svg]:pointer-events-none [&_svg]:shrink-0 [&_svg:not([class*='size-'])]:size-4"
          data-placeholder=""
          data-size="default"
          data-slot="select-trigger"
          data-state="closed"
          dir="ltr"
          id="type"
          role="combobox"
          type="button"
        >
          <span
            data-slot="select-value"
            style="pointer-events: none;"
          >
            Choisir un type
          </span>
          <svg
            aria-hidden="true"
            class="lucide lucide-chevron-down size-4 opacity-50"
            fill="none"
            height="24"
            stroke="currentColor"
            stroke-linecap="round"
            stroke-linejoin="round"
            stroke-width="2"
            viewBox="0 0 24 24"
            width="24"
            xmlns="http://www.w3.org/2000/svg"
          >
            <path
              d="m6 9 6 6 6-6"
            />
          </svg>
        </button>
        <select
          aria-hidden="true"
          name="type"
          required=""
          style="position: absolute; border: 0px; width: 1px; height: 1px; padding: 0px; margin: -1px; overflow: hidden; clip: rect(0px, 0px, 0px, 0px); white-space: nowrap; word-wrap: normal;"
          tabindex="-1"
        >
          <option
            value=""
          />
          <option
            value="feature"
          >
            Feature
          </option>
          <option
            value="study"
          >
            Étude
          </option>
          <option
            value="support"
          >
            Support
          </option>
          <option
            value="docs"
          >
            Documentation
          </option>
          <option
            value="other"
          >
            Autre
          </option>
        </select>
      </div>
      <div
        class="space-y-2"
      >
        <label
          class="flex items-center gap-2 text-sm leading-none font-medium select-none group-data-[disabled=true]:pointer-events-none group-data-[disabled=true]:opacity-50 peer-disabled:cursor-not-allowed peer-disabled:opacity-50"
          data-slot="label"
        >
          Priorité
        </label>
        <button
          aria-autocomplete="none"
          aria-controls="radix-_r_1_"
          aria-expanded="false"
          class="border-input data-[placeholder]:text-muted-foreground [&_svg:not([class*='text-'])]:text-muted-foreground focus-visible:border-ring focus-visible:ring-ring/50 aria-invalid:ring-destructive/20 dark:aria-invalid:ring-destructive/40 aria-invalid:border-destructive dark:bg-input/30 dark:hover:b...

Ignored nodes: comments, script, style
<html>
  <head />
  <body>
    <div>
      <form
        class="space-y-4"
      >
        <div
          class="space-y-2"
        >
          <label
            class="flex items-center gap-2 text-sm leading-none font-medium select-none group-data-[disabled=true]:pointer-events-none group-data-[disabled=true]:opacity-50 peer-disabled:cursor-not-allowed peer-disabled:opacity-50"
            data-slot="label"
            for="title"
          >
            Titre
          </label>
          <input
            class="file:text-foreground placeholder:text-muted-foreground selection:bg-primary selection:text-primary-foreground dark:bg-input/30 border-input h-9 w-full min-w-0 rounded-md border bg-transparent px-3 py-1 text-base shadow-xs transition-[color,box-shadow] outline-none file:inline-flex file:h-7 file:border-0 file:bg-transparent file:text-sm file:font-medium disabled:pointer-events-none disabled:cursor-not-allowed disabled:opacity-50 md:text-sm focus-visible:border-ring focus-visible:ring-ring/50 focus-visible:ring-[3px] aria-invalid:ring-destructive/20 dark:aria-invalid:ring-destructive/40 aria-invalid:border-destructive"
            data-slot="input"
            id="title"
            name="title"
            placeholder="Nom de la mission"
            required=""
          />
        </div>
        <div
          class="space-y-2"
        >
          <label
            class="flex items-center gap-2 text-sm leading-none font-medium select-none group-data-[disabled=true]:pointer-events-none group-data-[disabled=true]:opacity-50 peer-disabled:cursor-not-allowed peer-disabled:opacity-50"
            data-slot="label"
            for="type"
          >
            Type
          </label>
          <button
            aria-autocomplete="none"
            aria-controls="radix-_r_0_"
            aria-expanded="false"
            aria-required="true"
            class="border-input data-[placeholder]:text-muted-foreground [&_svg:not([class*='text-'])]:text-muted-foreground focus-visible:border-ring focus-visible:ring-ring/50 aria-invalid:ring-destructive/20 dark:aria-invalid:ring-destructive/40 aria-invalid:border-destructive dark:bg-input/30 dark:hover:bg-input/50 flex w-fit items-center justify-between gap-2 rounded-md border bg-transparent px-3 py-2 text-sm whitespace-nowrap shadow-xs transition-[color,box-shadow] outline-none focus-visible:ring-[3px] disabled:cursor-not-allowed disabled:opacity-50 data-[size=default]:h-9 data-[size=sm]:h-8 *:data-[slot=select-value]:line-clamp-1 *:data-[slot=select-value]:flex *:data-[slot=select-value]:items-center *:data-[slot=select-value]:gap-2 [&_svg]:pointer-events-none [&_svg]:shrink-0 [&_svg:not([class*='size-'])]:size-4"
            data-placeholder=""
            data-size="default"
            data-slot="select-trigger"
            data-state="closed"
            dir="ltr"
            id="type"
            role="combobox"
            type="button"
          >
            <span
              data-slot="select-value"
              style="pointer-events: none;"
            >
              Choisir un type
            </span>
            <svg
              aria-hidden="true"
              class="lucide lucide-chevron-down size-4 opacity-50"
              fill="none"
              height="24"
              stroke="currentColor"
              stroke-linecap="round"
              stroke-linejoin="round"
              stroke-width="2"
              viewBox="0 0 24 24"
              width="24"
              xmlns="http://www.w3.org/2000/svg"
            >
              <path
                d="m6 9 6 6 6-6"
              />
            </svg>
          </button>
          <select
            aria-hidden="true"
            name="type"
            required=""
            style="position: absolute; border: 0px; width: 1px; height: 1px; padding: 0px; margin: -1px; overflow: hidden; clip: rect(0px, 0px, 0px, 0px); white-space: nowrap; word-wrap: normal;"
            tabindex="-1"
          >
            <option
              value=""
            />
            <option
              value="feature"
            >
              Feature
            </option>
            <option
              value="study"
            >
              Étude
            </option>
            <option
              value="support"
            >
              Support
            </option>
            <option
              value="docs"
            >
              Documentation
            </option>
            <option
              value="other"
            >
              Autre
            </option>
          </select>
        </div>
        <div
          class="space-y-2"
        >
          <label
            class="flex items-center gap-2 text-sm leading-none font-medium select-none group-data-[disabled=true]:pointer-events-none group-data-[disabled=true]:opacity-50 peer-disabled:cursor-not-allowed peer-disabled:opacity-50"
            data-slot="label"
          >
            Priorité
          </label>
          <button
            aria-autocomplete="none"
            aria-controls="radix-_r_1_"
            aria-expanded="false"
            class="borde...
 ❯ Proxy.waitForWrapper node_modules/@testing-library/dom/dist/wait-for.js:163:27
 ❯ components/missions/mission-form-locked.test.tsx:29:11
     27|     // We expect to see the project name 'Locked Project' 
     28|     // and NOT the Select component that allows changing projects
     29|     await waitFor(() => {
       |           ^
     30|       expect(screen.getByText('Locked Project')).toBeDefined()
     31|     })

⎯⎯⎯⎯⎯⎯⎯⎯⎯⎯⎯⎯⎯⎯⎯⎯⎯⎯⎯⎯⎯⎯[38/50]⎯

 FAIL  components/missions/task-list.test.tsx > renders task list with completion and estimation
TestingLibraryElementError: Unable to find an element with the text: /Task 1/i. This could be because the text is broken up by multiple elements. In this case, you can provide a function for your text matcher to make your matcher more flexible.

Ignored nodes: comments, script, style
<body>
  <div>
    <div
      class="space-y-4"
    >
      <div
        class="flex items-center justify-between mb-4"
      >
        <h3
          class="text-sm font-semibold uppercase tracking-wider text-muted-foreground"
        >
          Tâches
        </h3>
        <span
          class="text-xs bg-slate-100 dark:bg-slate-800 px-2 py-0.5 rounded-full font-medium"
        >
          0
           restantes / 
          0
           au total
        </span>
      </div>
      <div
        class="space-y-3"
      />
      <div
        id="DndDescribedBy-0"
        style="display: none;"
      >
        
    To pick up a draggable item, press the space bar.
    While dragging, use the arrow keys to move the item.
    Press space again to drop the item in its new position, or press escape to cancel.
  
      </div>
      <div
        aria-atomic="true"
        aria-live="assertive"
        id="DndLiveRegion-0"
        role="status"
        style="position: fixed; top: 0px; left: 0px; width: 1px; height: 1px; margin: -1px; border: 0px; padding: 0px; overflow: hidden; clip: rect(0px); clip-path: inset(100%); white-space: nowrap;"
      />
      <div
        class="flex items-center space-x-2 mt-6 pt-4 border-t border-slate-100 dark:border-slate-800"
      >
        <input
          class="file:text-foreground placeholder:text-muted-foreground selection:bg-primary selection:text-primary-foreground dark:bg-input/30 border-input w-full min-w-0 rounded-md border bg-transparent px-3 py-1 shadow-xs transition-[color,box-shadow] outline-none file:inline-flex file:h-7 file:border-0 file:bg-transparent file:text-sm file:font-medium disabled:pointer-events-none disabled:cursor-not-allowed disabled:opacity-50 md:text-sm focus-visible:border-ring focus-visible:ring-ring/50 focus-visible:ring-[3px] aria-invalid:ring-destructive/20 dark:aria-invalid:ring-destructive/40 aria-invalid:border-destructive h-9 text-sm"
          data-slot="input"
          placeholder="Ajouter une tâche..."
          value=""
        />
        <button
          class="inline-flex items-center justify-center gap-2 whitespace-nowrap rounded-md text-sm font-medium transition-all disabled:pointer-events-none disabled:opacity-50 [&_svg]:pointer-events-none [&_svg:not([class*='size-'])]:size-4 [&_svg]:shrink-0 outline-none focus-visible:border-ring focus-visible:ring-ring/50 focus-visible:ring-[3px] aria-invalid:ring-destructive/20 dark:aria-invalid:ring-destructive/40 aria-invalid:border-destructive bg-secondary text-secondary-foreground hover:bg-secondary/80 size-9 h-9 w-9 shrink-0"
          data-size="icon"
          data-slot="button"
          data-variant="secondary"
          type="button"
        >
          <svg
            aria-hidden="true"
            class="lucide lucide-plus h-4 w-4"
            fill="none"
            height="24"
            stroke="currentColor"
            stroke-linecap="round"
            stroke-linejoin="round"
            stroke-width="2"
            viewBox="0 0 24 24"
            width="24"
            xmlns="http://www.w3.org/2000/svg"
          >
            <path
              d="M5 12h14"
            />
            <path
              d="M12 5v14"
            />
          </svg>
        </button>
      </div>
    </div>
  </div>
</body>

Ignored nodes: comments, script, style
<body>
  <div>
    <div
      class="space-y-4"
    >
      <div
        class="flex items-center justify-between mb-4"
      >
        <h3
          class="text-sm font-semibold uppercase tracking-wider text-muted-foreground"
        >
          Tâches
        </h3>
        <span
          class="text-xs bg-slate-100 dark:bg-slate-800 px-2 py-0.5 rounded-full font-medium"
        >
          0
           restantes / 
          0
           au total
        </span>
      </div>
      <div
        class="space-y-3"
      />
      <div
        id="DndDescribedBy-0"
        style="display: none;"
      >
        
    To pick up a draggable item, press the space bar.
    While dragging, use the arrow keys to move the item.
    Press space again to drop the item in its new position, or press escape to cancel.
  
      </div>
      <div
        aria-atomic="true"
        aria-live="assertive"
        id="DndLiveRegion-0"
        role="status"
        style="position: fixed; top: 0px; left: 0px; width: 1px; height: 1px; margin: -1px; border: 0px; padding: 0px; overflow: hidden; clip: rect(0px); clip-path: inset(100%); white-space: nowrap;"
      />
      <div
        class="flex items-center space-x-2 mt-6 pt-4 border-t border-slate-100 dark:border-slate-800"
      >
        <input
          class="file:text-foreground placeholder:text-muted-foreground selection:bg-primary selection:text-primary-foreground dark:bg-input/30 border-input w-full min-w-0 rounded-md border bg-transparent px-3 py-1 shadow-xs transition-[color,box-shadow] outline-none file:inline-flex file:h-7 file:border-0 file:bg-transparent file:text-sm file:font-medium disabled:pointer-events-none disabled:cursor-not-allowed disabled:opacity-50 md:text-sm focus-visible:border-ring focus-visible:ring-ring/50 focus-visible:ring-[3px] aria-invalid:ring-destructive/20 dark:aria-invalid:ring-destructive/40 aria-invalid:border-destructive h-9 text-sm"
          data-slot="input"
          placeholder="Ajouter une tâche..."
          value=""
        />
        <button
          class="inline-flex items-center justify-center gap-2 whitespace-nowrap rounded-md text-sm font-medium transition-all disabled:pointer-events-none disabled:opacity-50 [&_svg]:pointer-events-none [&_svg:not([class*='size-'])]:size-4 [&_svg]:shrink-0 outline-none focus-visible:border-ring focus-visible:ring-ring/50 focus-visible:ring-[3px] aria-invalid:ring-destructive/20 dark:aria-invalid:ring-destructive/40 aria-invalid:border-destructive bg-secondary text-secondary-foreground hover:bg-secondary/80 size-9 h-9 w-9 shrink-0"
          data-size="icon"
          data-slot="button"
          data-variant="secondary"
          type="button"
        >
          <svg
            aria-hidden="true"
            class="lucide lucide-plus h-4 w-4"
            fill="none"
            height="24"
            stroke="currentColor"
            stroke-linecap="round"
            stroke-linejoin="round"
            stroke-width="2"
            viewBox="0 0 24 24"
            width="24"
            xmlns="http://www.w3.org/2000/svg"
          >
            <path
              d="M5 12h14"
            />
            <path
              d="M12 5v14"
            />
          </svg>
        </button>
      </div>
    </div>
  </div>
</body>
 ❯ waitForWrapper node_modules/@testing-library/dom/dist/wait-for.js:163:27
 ❯ node_modules/@testing-library/dom/dist/query-helpers.js:86:33
 ❯ components/missions/task-list.test.tsx:61:30
     59|   render(<TaskList missionId="1" />)
     60|   
     61|   const task1 = await screen.findByText(/Task 1/i)
       |                              ^
     62|   expect(task1).toBeDefined()
     63| 

⎯⎯⎯⎯⎯⎯⎯⎯⎯⎯⎯⎯⎯⎯⎯⎯⎯⎯⎯⎯⎯⎯[39/50]⎯

 FAIL  components/missions/task-list.test.tsx > clicking checkbox calls updateTask
TestingLibraryElementError: Unable to find role="checkbox"

Ignored nodes: comments, script, style
<body>
  <div>
    <div
      class="space-y-4"
    >
      <div
        class="flex items-center justify-between mb-4"
      >
        <h3
          class="text-sm font-semibold uppercase tracking-wider text-muted-foreground"
        >
          Tâches
        </h3>
        <span
          class="text-xs bg-slate-100 dark:bg-slate-800 px-2 py-0.5 rounded-full font-medium"
        >
          0
           restantes / 
          0
           au total
        </span>
      </div>
      <div
        class="space-y-3"
      />
      <div
        id="DndDescribedBy-1"
        style="display: none;"
      >
        
    To pick up a draggable item, press the space bar.
    While dragging, use the arrow keys to move the item.
    Press space again to drop the item in its new position, or press escape to cancel.
  
      </div>
      <div
        aria-atomic="true"
        aria-live="assertive"
        id="DndLiveRegion-1"
        role="status"
        style="position: fixed; top: 0px; left: 0px; width: 1px; height: 1px; margin: -1px; border: 0px; padding: 0px; overflow: hidden; clip: rect(0px); clip-path: inset(100%); white-space: nowrap;"
      />
      <div
        class="flex items-center space-x-2 mt-6 pt-4 border-t border-slate-100 dark:border-slate-800"
      >
        <input
          class="file:text-foreground placeholder:text-muted-foreground selection:bg-primary selection:text-primary-foreground dark:bg-input/30 border-input w-full min-w-0 rounded-md border bg-transparent px-3 py-1 shadow-xs transition-[color,box-shadow] outline-none file:inline-flex file:h-7 file:border-0 file:bg-transparent file:text-sm file:font-medium disabled:pointer-events-none disabled:cursor-not-allowed disabled:opacity-50 md:text-sm focus-visible:border-ring focus-visible:ring-ring/50 focus-visible:ring-[3px] aria-invalid:ring-destructive/20 dark:aria-invalid:ring-destructive/40 aria-invalid:border-destructive h-9 text-sm"
          data-slot="input"
          placeholder="Ajouter une tâche..."
          value=""
        />
        <button
          class="inline-flex items-center justify-center gap-2 whitespace-nowrap rounded-md text-sm font-medium transition-all disabled:pointer-events-none disabled:opacity-50 [&_svg]:pointer-events-none [&_svg:not([class*='size-'])]:size-4 [&_svg]:shrink-0 outline-none focus-visible:border-ring focus-visible:ring-ring/50 focus-visible:ring-[3px] aria-invalid:ring-destructive/20 dark:aria-invalid:ring-destructive/40 aria-invalid:border-destructive bg-secondary text-secondary-foreground hover:bg-secondary/80 size-9 h-9 w-9 shrink-0"
          data-size="icon"
          data-slot="button"
          data-variant="secondary"
          type="button"
        >
          <svg
            aria-hidden="true"
            class="lucide lucide-plus h-4 w-4"
            fill="none"
            height="24"
            stroke="currentColor"
            stroke-linecap="round"
            stroke-linejoin="round"
            stroke-width="2"
            viewBox="0 0 24 24"
            width="24"
            xmlns="http://www.w3.org/2000/svg"
          >
            <path
              d="M5 12h14"
            />
            <path
              d="M12 5v14"
            />
          </svg>
        </button>
      </div>
    </div>
  </div>
</body>

Ignored nodes: comments, script, style
<body>
  <div>
    <div
      class="space-y-4"
    >
      <div
        class="flex items-center justify-between mb-4"
      >
        <h3
          class="text-sm font-semibold uppercase tracking-wider text-muted-foreground"
        >
          Tâches
        </h3>
        <span
          class="text-xs bg-slate-100 dark:bg-slate-800 px-2 py-0.5 rounded-full font-medium"
        >
          0
           restantes / 
          0
           au total
        </span>
      </div>
      <div
        class="space-y-3"
      />
      <div
        id="DndDescribedBy-1"
        style="display: none;"
      >
        
    To pick up a draggable item, press the space bar.
    While dragging, use the arrow keys to move the item.
    Press space again to drop the item in its new position, or press escape to cancel.
  
      </div>
      <div
        aria-atomic="true"
        aria-live="assertive"
        id="DndLiveRegion-1"
        role="status"
        style="position: fixed; top: 0px; left: 0px; width: 1px; height: 1px; margin: -1px; border: 0px; padding: 0px; overflow: hidden; clip: rect(0px); clip-path: inset(100%); white-space: nowrap;"
      />
      <div
        class="flex items-center space-x-2 mt-6 pt-4 border-t border-slate-100 dark:border-slate-800"
      >
        <input
          class="file:text-foreground placeholder:text-muted-foreground selection:bg-primary selection:text-primary-foreground dark:bg-input/30 border-input w-full min-w-0 rounded-md border bg-transparent px-3 py-1 shadow-xs transition-[color,box-shadow] outline-none file:inline-flex file:h-7 file:border-0 file:bg-transparent file:text-sm file:font-medium disabled:pointer-events-none disabled:cursor-not-allowed disabled:opacity-50 md:text-sm focus-visible:border-ring focus-visible:ring-ring/50 focus-visible:ring-[3px] aria-invalid:ring-destructive/20 dark:aria-invalid:ring-destructive/40 aria-invalid:border-destructive h-9 text-sm"
          data-slot="input"
          placeholder="Ajouter une tâche..."
          value=""
        />
        <button
          class="inline-flex items-center justify-center gap-2 whitespace-nowrap rounded-md text-sm font-medium transition-all disabled:pointer-events-none disabled:opacity-50 [&_svg]:pointer-events-none [&_svg:not([class*='size-'])]:size-4 [&_svg]:shrink-0 outline-none focus-visible:border-ring focus-visible:ring-ring/50 focus-visible:ring-[3px] aria-invalid:ring-destructive/20 dark:aria-invalid:ring-destructive/40 aria-invalid:border-destructive bg-secondary text-secondary-foreground hover:bg-secondary/80 size-9 h-9 w-9 shrink-0"
          data-size="icon"
          data-slot="button"
          data-variant="secondary"
          type="button"
        >
          <svg
            aria-hidden="true"
            class="lucide lucide-plus h-4 w-4"
            fill="none"
            height="24"
            stroke="currentColor"
            stroke-linecap="round"
            stroke-linejoin="round"
            stroke-width="2"
            viewBox="0 0 24 24"
            width="24"
            xmlns="http://www.w3.org/2000/svg"
          >
            <path
              d="M5 12h14"
            />
            <path
              d="M12 5v14"
            />
          </svg>
        </button>
      </div>
    </div>
  </div>
</body>
 ❯ waitForWrapper node_modules/@testing-library/dom/dist/wait-for.js:163:27
 ❯ node_modules/@testing-library/dom/dist/query-helpers.js:86:33
 ❯ components/missions/task-list.test.tsx:88:35
     86|   render(<TaskList missionId="1" />)
     87|   
     88|   const checkboxes = await screen.findAllByRole('checkbox')
       |                                   ^
     89|   fireEvent.click(checkboxes[0])
     90|   

⎯⎯⎯⎯⎯⎯⎯⎯⎯⎯⎯⎯⎯⎯⎯⎯⎯⎯⎯⎯⎯⎯[40/50]⎯

 FAIL  components/missions/task-list.test.tsx > changing estimation calls updateTask via popover on double click
TestingLibraryElementError: Unable to find an element with the text: 0.5. This could be because the text is broken up by multiple elements. In this case, you can provide a function for your text matcher to make your matcher more flexible.

Ignored nodes: comments, script, style
<body>
  <div>
    <div
      class="space-y-4"
    >
      <div
        class="flex items-center justify-between mb-4"
      >
        <h3
          class="text-sm font-semibold uppercase tracking-wider text-muted-foreground"
        >
          Tâches
        </h3>
        <span
          class="text-xs bg-slate-100 dark:bg-slate-800 px-2 py-0.5 rounded-full font-medium"
        >
          0
           restantes / 
          0
           au total
        </span>
      </div>
      <div
        class="space-y-3"
      />
      <div
        id="DndDescribedBy-2"
        style="display: none;"
      >
        
    To pick up a draggable item, press the space bar.
    While dragging, use the arrow keys to move the item.
    Press space again to drop the item in its new position, or press escape to cancel.
  
      </div>
      <div
        aria-atomic="true"
        aria-live="assertive"
        id="DndLiveRegion-2"
        role="status"
        style="position: fixed; top: 0px; left: 0px; width: 1px; height: 1px; margin: -1px; border: 0px; padding: 0px; overflow: hidden; clip: rect(0px); clip-path: inset(100%); white-space: nowrap;"
      />
      <div
        class="flex items-center space-x-2 mt-6 pt-4 border-t border-slate-100 dark:border-slate-800"
      >
        <input
          class="file:text-foreground placeholder:text-muted-foreground selection:bg-primary selection:text-primary-foreground dark:bg-input/30 border-input w-full min-w-0 rounded-md border bg-transparent px-3 py-1 shadow-xs transition-[color,box-shadow] outline-none file:inline-flex file:h-7 file:border-0 file:bg-transparent file:text-sm file:font-medium disabled:pointer-events-none disabled:cursor-not-allowed disabled:opacity-50 md:text-sm focus-visible:border-ring focus-visible:ring-ring/50 focus-visible:ring-[3px] aria-invalid:ring-destructive/20 dark:aria-invalid:ring-destructive/40 aria-invalid:border-destructive h-9 text-sm"
          data-slot="input"
          placeholder="Ajouter une tâche..."
          value=""
        />
        <button
          class="inline-flex items-center justify-center gap-2 whitespace-nowrap rounded-md text-sm font-medium transition-all disabled:pointer-events-none disabled:opacity-50 [&_svg]:pointer-events-none [&_svg:not([class*='size-'])]:size-4 [&_svg]:shrink-0 outline-none focus-visible:border-ring focus-visible:ring-ring/50 focus-visible:ring-[3px] aria-invalid:ring-destructive/20 dark:aria-invalid:ring-destructive/40 aria-invalid:border-destructive bg-secondary text-secondary-foreground hover:bg-secondary/80 size-9 h-9 w-9 shrink-0"
          data-size="icon"
          data-slot="button"
          data-variant="secondary"
          type="button"
        >
          <svg
            aria-hidden="true"
            class="lucide lucide-plus h-4 w-4"
            fill="none"
            height="24"
            stroke="currentColor"
            stroke-linecap="round"
            stroke-linejoin="round"
            stroke-width="2"
            viewBox="0 0 24 24"
            width="24"
            xmlns="http://www.w3.org/2000/svg"
          >
            <path
              d="M5 12h14"
            />
            <path
              d="M12 5v14"
            />
          </svg>
        </button>
      </div>
    </div>
  </div>
</body>

Ignored nodes: comments, script, style
<body>
  <div>
    <div
      class="space-y-4"
    >
      <div
        class="flex items-center justify-between mb-4"
      >
        <h3
          class="text-sm font-semibold uppercase tracking-wider text-muted-foreground"
        >
          Tâches
        </h3>
        <span
          class="text-xs bg-slate-100 dark:bg-slate-800 px-2 py-0.5 rounded-full font-medium"
        >
          0
           restantes / 
          0
           au total
        </span>
      </div>
      <div
        class="space-y-3"
      />
      <div
        id="DndDescribedBy-2"
        style="display: none;"
      >
        
    To pick up a draggable item, press the space bar.
    While dragging, use the arrow keys to move the item.
    Press space again to drop the item in its new position, or press escape to cancel.
  
      </div>
      <div
        aria-atomic="true"
        aria-live="assertive"
        id="DndLiveRegion-2"
        role="status"
        style="position: fixed; top: 0px; left: 0px; width: 1px; height: 1px; margin: -1px; border: 0px; padding: 0px; overflow: hidden; clip: rect(0px); clip-path: inset(100%); white-space: nowrap;"
      />
      <div
        class="flex items-center space-x-2 mt-6 pt-4 border-t border-slate-100 dark:border-slate-800"
      >
        <input
          class="file:text-foreground placeholder:text-muted-foreground selection:bg-primary selection:text-primary-foreground dark:bg-input/30 border-input w-full min-w-0 rounded-md border bg-transparent px-3 py-1 shadow-xs transition-[color,box-shadow] outline-none file:inline-flex file:h-7 file:border-0 file:bg-transparent file:text-sm file:font-medium disabled:pointer-events-none disabled:cursor-not-allowed disabled:opacity-50 md:text-sm focus-visible:border-ring focus-visible:ring-ring/50 focus-visible:ring-[3px] aria-invalid:ring-destructive/20 dark:aria-invalid:ring-destructive/40 aria-invalid:border-destructive h-9 text-sm"
          data-slot="input"
          placeholder="Ajouter une tâche..."
          value=""
        />
        <button
          class="inline-flex items-center justify-center gap-2 whitespace-nowrap rounded-md text-sm font-medium transition-all disabled:pointer-events-none disabled:opacity-50 [&_svg]:pointer-events-none [&_svg:not([class*='size-'])]:size-4 [&_svg]:shrink-0 outline-none focus-visible:border-ring focus-visible:ring-ring/50 focus-visible:ring-[3px] aria-invalid:ring-destructive/20 dark:aria-invalid:ring-destructive/40 aria-invalid:border-destructive bg-secondary text-secondary-foreground hover:bg-secondary/80 size-9 h-9 w-9 shrink-0"
          data-size="icon"
          data-slot="button"
          data-variant="secondary"
          type="button"
        >
          <svg
            aria-hidden="true"
            class="lucide lucide-plus h-4 w-4"
            fill="none"
            height="24"
            stroke="currentColor"
            stroke-linecap="round"
            stroke-linejoin="round"
            stroke-width="2"
            viewBox="0 0 24 24"
            width="24"
            xmlns="http://www.w3.org/2000/svg"
          >
            <path
              d="M5 12h14"
            />
            <path
              d="M12 5v14"
            />
          </svg>
        </button>
      </div>
    </div>
  </div>
</body>
 ❯ waitForWrapper node_modules/@testing-library/dom/dist/wait-for.js:163:27
 ❯ node_modules/@testing-library/dom/dist/query-helpers.js:86:33
 ❯ components/missions/task-list.test.tsx:100:39
     98|   
     99|   // Wait for tasks to load
    100|   const estimationText = await screen.findByText('0.5')
       |                                       ^
    101|   
    102|   // Double click to open popover

⎯⎯⎯⎯⎯⎯⎯⎯⎯⎯⎯⎯⎯⎯⎯⎯⎯⎯⎯⎯⎯⎯[41/50]⎯

 FAIL  components/missions/task-list.test.tsx > double-clicking a task title enters edit mode
TestingLibraryElementError: Unable to find an element with the text: /Task 1/i. This could be because the text is broken up by multiple elements. In this case, you can provide a function for your text matcher to make your matcher more flexible.

Ignored nodes: comments, script, style
<body>
  <div>
    <div
      class="space-y-4"
    >
      <div
        class="flex items-center justify-between mb-4"
      >
        <h3
          class="text-sm font-semibold uppercase tracking-wider text-muted-foreground"
        >
          Tâches
        </h3>
        <span
          class="text-xs bg-slate-100 dark:bg-slate-800 px-2 py-0.5 rounded-full font-medium"
        >
          0
           restantes / 
          0
           au total
        </span>
      </div>
      <div
        class="space-y-3"
      />
      <div
        id="DndDescribedBy-3"
        style="display: none;"
      >
        
    To pick up a draggable item, press the space bar.
    While dragging, use the arrow keys to move the item.
    Press space again to drop the item in its new position, or press escape to cancel.
  
      </div>
      <div
        aria-atomic="true"
        aria-live="assertive"
        id="DndLiveRegion-3"
        role="status"
        style="position: fixed; top: 0px; left: 0px; width: 1px; height: 1px; margin: -1px; border: 0px; padding: 0px; overflow: hidden; clip: rect(0px); clip-path: inset(100%); white-space: nowrap;"
      />
      <div
        class="flex items-center space-x-2 mt-6 pt-4 border-t border-slate-100 dark:border-slate-800"
      >
        <input
          class="file:text-foreground placeholder:text-muted-foreground selection:bg-primary selection:text-primary-foreground dark:bg-input/30 border-input w-full min-w-0 rounded-md border bg-transparent px-3 py-1 shadow-xs transition-[color,box-shadow] outline-none file:inline-flex file:h-7 file:border-0 file:bg-transparent file:text-sm file:font-medium disabled:pointer-events-none disabled:cursor-not-allowed disabled:opacity-50 md:text-sm focus-visible:border-ring focus-visible:ring-ring/50 focus-visible:ring-[3px] aria-invalid:ring-destructive/20 dark:aria-invalid:ring-destructive/40 aria-invalid:border-destructive h-9 text-sm"
          data-slot="input"
          placeholder="Ajouter une tâche..."
          value=""
        />
        <button
          class="inline-flex items-center justify-center gap-2 whitespace-nowrap rounded-md text-sm font-medium transition-all disabled:pointer-events-none disabled:opacity-50 [&_svg]:pointer-events-none [&_svg:not([class*='size-'])]:size-4 [&_svg]:shrink-0 outline-none focus-visible:border-ring focus-visible:ring-ring/50 focus-visible:ring-[3px] aria-invalid:ring-destructive/20 dark:aria-invalid:ring-destructive/40 aria-invalid:border-destructive bg-secondary text-secondary-foreground hover:bg-secondary/80 size-9 h-9 w-9 shrink-0"
          data-size="icon"
          data-slot="button"
          data-variant="secondary"
          type="button"
        >
          <svg
            aria-hidden="true"
            class="lucide lucide-plus h-4 w-4"
            fill="none"
            height="24"
            stroke="currentColor"
            stroke-linecap="round"
            stroke-linejoin="round"
            stroke-width="2"
            viewBox="0 0 24 24"
            width="24"
            xmlns="http://www.w3.org/2000/svg"
          >
            <path
              d="M5 12h14"
            />
            <path
              d="M12 5v14"
            />
          </svg>
        </button>
      </div>
    </div>
  </div>
</body>

Ignored nodes: comments, script, style
<body>
  <div>
    <div
      class="space-y-4"
    >
      <div
        class="flex items-center justify-between mb-4"
      >
        <h3
          class="text-sm font-semibold uppercase tracking-wider text-muted-foreground"
        >
          Tâches
        </h3>
        <span
          class="text-xs bg-slate-100 dark:bg-slate-800 px-2 py-0.5 rounded-full font-medium"
        >
          0
           restantes / 
          0
           au total
        </span>
      </div>
      <div
        class="space-y-3"
      />
      <div
        id="DndDescribedBy-3"
        style="display: none;"
      >
        
    To pick up a draggable item, press the space bar.
    While dragging, use the arrow keys to move the item.
    Press space again to drop the item in its new position, or press escape to cancel.
  
      </div>
      <div
        aria-atomic="true"
        aria-live="assertive"
        id="DndLiveRegion-3"
        role="status"
        style="position: fixed; top: 0px; left: 0px; width: 1px; height: 1px; margin: -1px; border: 0px; padding: 0px; overflow: hidden; clip: rect(0px); clip-path: inset(100%); white-space: nowrap;"
      />
      <div
        class="flex items-center space-x-2 mt-6 pt-4 border-t border-slate-100 dark:border-slate-800"
      >
        <input
          class="file:text-foreground placeholder:text-muted-foreground selection:bg-primary selection:text-primary-foreground dark:bg-input/30 border-input w-full min-w-0 rounded-md border bg-transparent px-3 py-1 shadow-xs transition-[color,box-shadow] outline-none file:inline-flex file:h-7 file:border-0 file:bg-transparent file:text-sm file:font-medium disabled:pointer-events-none disabled:cursor-not-allowed disabled:opacity-50 md:text-sm focus-visible:border-ring focus-visible:ring-ring/50 focus-visible:ring-[3px] aria-invalid:ring-destructive/20 dark:aria-invalid:ring-destructive/40 aria-invalid:border-destructive h-9 text-sm"
          data-slot="input"
          placeholder="Ajouter une tâche..."
          value=""
        />
        <button
          class="inline-flex items-center justify-center gap-2 whitespace-nowrap rounded-md text-sm font-medium transition-all disabled:pointer-events-none disabled:opacity-50 [&_svg]:pointer-events-none [&_svg:not([class*='size-'])]:size-4 [&_svg]:shrink-0 outline-none focus-visible:border-ring focus-visible:ring-ring/50 focus-visible:ring-[3px] aria-invalid:ring-destructive/20 dark:aria-invalid:ring-destructive/40 aria-invalid:border-destructive bg-secondary text-secondary-foreground hover:bg-secondary/80 size-9 h-9 w-9 shrink-0"
          data-size="icon"
          data-slot="button"
          data-variant="secondary"
          type="button"
        >
          <svg
            aria-hidden="true"
            class="lucide lucide-plus h-4 w-4"
            fill="none"
            height="24"
            stroke="currentColor"
            stroke-linecap="round"
            stroke-linejoin="round"
            stroke-width="2"
            viewBox="0 0 24 24"
            width="24"
            xmlns="http://www.w3.org/2000/svg"
          >
            <path
              d="M5 12h14"
            />
            <path
              d="M12 5v14"
            />
          </svg>
        </button>
      </div>
    </div>
  </div>
</body>
 ❯ waitForWrapper node_modules/@testing-library/dom/dist/wait-for.js:163:27
 ❯ node_modules/@testing-library/dom/dist/query-helpers.js:86:33
 ❯ components/missions/task-list.test.tsx:120:35
    118|   render(<TaskList missionId="1" />)
    119|   
    120|   const task1Label = await screen.findByText(/Task 1/i)
       |                                   ^
    121|   
    122|   // Double click

⎯⎯⎯⎯⎯⎯⎯⎯⎯⎯⎯⎯⎯⎯⎯⎯⎯⎯⎯⎯⎯⎯[42/50]⎯

 FAIL  components/missions/task-list.test.tsx > displays clarified task counter
TestingLibraryElementError: Unable to find an element with the text: /Task 1/i. This could be because the text is broken up by multiple elements. In this case, you can provide a function for your text matcher to make your matcher more flexible.

Ignored nodes: comments, script, style
<body>
  <div>
    <div
      class="space-y-4"
    >
      <div
        class="flex items-center justify-between mb-4"
      >
        <h3
          class="text-sm font-semibold uppercase tracking-wider text-muted-foreground"
        >
          Tâches
        </h3>
        <span
          class="text-xs bg-slate-100 dark:bg-slate-800 px-2 py-0.5 rounded-full font-medium"
        >
          0
           restantes / 
          0
           au total
        </span>
      </div>
      <div
        class="space-y-3"
      />
      <div
        id="DndDescribedBy-4"
        style="display: none;"
      >
        
    To pick up a draggable item, press the space bar.
    While dragging, use the arrow keys to move the item.
    Press space again to drop the item in its new position, or press escape to cancel.
  
      </div>
      <div
        aria-atomic="true"
        aria-live="assertive"
        id="DndLiveRegion-4"
        role="status"
        style="position: fixed; top: 0px; left: 0px; width: 1px; height: 1px; margin: -1px; border: 0px; padding: 0px; overflow: hidden; clip: rect(0px); clip-path: inset(100%); white-space: nowrap;"
      />
      <div
        class="flex items-center space-x-2 mt-6 pt-4 border-t border-slate-100 dark:border-slate-800"
      >
        <input
          class="file:text-foreground placeholder:text-muted-foreground selection:bg-primary selection:text-primary-foreground dark:bg-input/30 border-input w-full min-w-0 rounded-md border bg-transparent px-3 py-1 shadow-xs transition-[color,box-shadow] outline-none file:inline-flex file:h-7 file:border-0 file:bg-transparent file:text-sm file:font-medium disabled:pointer-events-none disabled:cursor-not-allowed disabled:opacity-50 md:text-sm focus-visible:border-ring focus-visible:ring-ring/50 focus-visible:ring-[3px] aria-invalid:ring-destructive/20 dark:aria-invalid:ring-destructive/40 aria-invalid:border-destructive h-9 text-sm"
          data-slot="input"
          placeholder="Ajouter une tâche..."
          value=""
        />
        <button
          class="inline-flex items-center justify-center gap-2 whitespace-nowrap rounded-md text-sm font-medium transition-all disabled:pointer-events-none disabled:opacity-50 [&_svg]:pointer-events-none [&_svg:not([class*='size-'])]:size-4 [&_svg]:shrink-0 outline-none focus-visible:border-ring focus-visible:ring-ring/50 focus-visible:ring-[3px] aria-invalid:ring-destructive/20 dark:aria-invalid:ring-destructive/40 aria-invalid:border-destructive bg-secondary text-secondary-foreground hover:bg-secondary/80 size-9 h-9 w-9 shrink-0"
          data-size="icon"
          data-slot="button"
          data-variant="secondary"
          type="button"
        >
          <svg
            aria-hidden="true"
            class="lucide lucide-plus h-4 w-4"
            fill="none"
            height="24"
            stroke="currentColor"
            stroke-linecap="round"
            stroke-linejoin="round"
            stroke-width="2"
            viewBox="0 0 24 24"
            width="24"
            xmlns="http://www.w3.org/2000/svg"
          >
            <path
              d="M5 12h14"
            />
            <path
              d="M12 5v14"
            />
          </svg>
        </button>
      </div>
    </div>
  </div>
</body>

Ignored nodes: comments, script, style
<body>
  <div>
    <div
      class="space-y-4"
    >
      <div
        class="flex items-center justify-between mb-4"
      >
        <h3
          class="text-sm font-semibold uppercase tracking-wider text-muted-foreground"
        >
          Tâches
        </h3>
        <span
          class="text-xs bg-slate-100 dark:bg-slate-800 px-2 py-0.5 rounded-full font-medium"
        >
          0
           restantes / 
          0
           au total
        </span>
      </div>
      <div
        class="space-y-3"
      />
      <div
        id="DndDescribedBy-4"
        style="display: none;"
      >
        
    To pick up a draggable item, press the space bar.
    While dragging, use the arrow keys to move the item.
    Press space again to drop the item in its new position, or press escape to cancel.
  
      </div>
      <div
        aria-atomic="true"
        aria-live="assertive"
        id="DndLiveRegion-4"
        role="status"
        style="position: fixed; top: 0px; left: 0px; width: 1px; height: 1px; margin: -1px; border: 0px; padding: 0px; overflow: hidden; clip: rect(0px); clip-path: inset(100%); white-space: nowrap;"
      />
      <div
        class="flex items-center space-x-2 mt-6 pt-4 border-t border-slate-100 dark:border-slate-800"
      >
        <input
          class="file:text-foreground placeholder:text-muted-foreground selection:bg-primary selection:text-primary-foreground dark:bg-input/30 border-input w-full min-w-0 rounded-md border bg-transparent px-3 py-1 shadow-xs transition-[color,box-shadow] outline-none file:inline-flex file:h-7 file:border-0 file:bg-transparent file:text-sm file:font-medium disabled:pointer-events-none disabled:cursor-not-allowed disabled:opacity-50 md:text-sm focus-visible:border-ring focus-visible:ring-ring/50 focus-visible:ring-[3px] aria-invalid:ring-destructive/20 dark:aria-invalid:ring-destructive/40 aria-invalid:border-destructive h-9 text-sm"
          data-slot="input"
          placeholder="Ajouter une tâche..."
          value=""
        />
        <button
          class="inline-flex items-center justify-center gap-2 whitespace-nowrap rounded-md text-sm font-medium transition-all disabled:pointer-events-none disabled:opacity-50 [&_svg]:pointer-events-none [&_svg:not([class*='size-'])]:size-4 [&_svg]:shrink-0 outline-none focus-visible:border-ring focus-visible:ring-ring/50 focus-visible:ring-[3px] aria-invalid:ring-destructive/20 dark:aria-invalid:ring-destructive/40 aria-invalid:border-destructive bg-secondary text-secondary-foreground hover:bg-secondary/80 size-9 h-9 w-9 shrink-0"
          data-size="icon"
          data-slot="button"
          data-variant="secondary"
          type="button"
        >
          <svg
            aria-hidden="true"
            class="lucide lucide-plus h-4 w-4"
            fill="none"
            height="24"
            stroke="currentColor"
            stroke-linecap="round"
            stroke-linejoin="round"
            stroke-width="2"
            viewBox="0 0 24 24"
            width="24"
            xmlns="http://www.w3.org/2000/svg"
          >
            <path
              d="M5 12h14"
            />
            <path
              d="M12 5v14"
            />
          </svg>
        </button>
      </div>
    </div>
  </div>
</body>
 ❯ waitForWrapper node_modules/@testing-library/dom/dist/wait-for.js:163:27
 ❯ node_modules/@testing-library/dom/dist/query-helpers.js:86:33
 ❯ components/missions/task-list.test.tsx:142:16
    140|   
    141|   // Wait for tasks to load
    142|   await screen.findByText(/Task 1/i)
       |                ^
    143|   
    144|   const counter = screen.getByText(/1 restantes \/ 2 au total/i)

⎯⎯⎯⎯⎯⎯⎯⎯⎯⎯⎯⎯⎯⎯⎯⎯⎯⎯⎯⎯⎯⎯[43/50]⎯

 FAIL  components/missions/task-list.test.tsx > renders in read-only mode correctly
TestingLibraryElementError: Unable to find an element with the text: /Task 1/i. This could be because the text is broken up by multiple elements. In this case, you can provide a function for your text matcher to make your matcher more flexible.

Ignored nodes: comments, script, style
<body>
  <div>
    <div
      class="space-y-4"
    >
      <div
        class="flex items-center justify-between mb-4"
      >
        <h3
          class="text-sm font-semibold uppercase tracking-wider text-muted-foreground"
        >
          Tâches
        </h3>
        <span
          class="text-xs bg-slate-100 dark:bg-slate-800 px-2 py-0.5 rounded-full font-medium"
        >
          0
           restantes / 
          0
           au total
        </span>
      </div>
      <div
        class="space-y-3"
      />
      <div
        id="DndDescribedBy-5"
        style="display: none;"
      >
        
    To pick up a draggable item, press the space bar.
    While dragging, use the arrow keys to move the item.
    Press space again to drop the item in its new position, or press escape to cancel.
  
      </div>
      <div
        aria-atomic="true"
        aria-live="assertive"
        id="DndLiveRegion-5"
        role="status"
        style="position: fixed; top: 0px; left: 0px; width: 1px; height: 1px; margin: -1px; border: 0px; padding: 0px; overflow: hidden; clip: rect(0px); clip-path: inset(100%); white-space: nowrap;"
      />
    </div>
  </div>
</body>

Ignored nodes: comments, script, style
<body>
  <div>
    <div
      class="space-y-4"
    >
      <div
        class="flex items-center justify-between mb-4"
      >
        <h3
          class="text-sm font-semibold uppercase tracking-wider text-muted-foreground"
        >
          Tâches
        </h3>
        <span
          class="text-xs bg-slate-100 dark:bg-slate-800 px-2 py-0.5 rounded-full font-medium"
        >
          0
           restantes / 
          0
           au total
        </span>
      </div>
      <div
        class="space-y-3"
      />
      <div
        id="DndDescribedBy-5"
        style="display: none;"
      >
        
    To pick up a draggable item, press the space bar.
    While dragging, use the arrow keys to move the item.
    Press space again to drop the item in its new position, or press escape to cancel.
  
      </div>
      <div
        aria-atomic="true"
        aria-live="assertive"
        id="DndLiveRegion-5"
        role="status"
        style="position: fixed; top: 0px; left: 0px; width: 1px; height: 1px; margin: -1px; border: 0px; padding: 0px; overflow: hidden; clip: rect(0px); clip-path: inset(100%); white-space: nowrap;"
      />
    </div>
  </div>
</body>
 ❯ waitForWrapper node_modules/@testing-library/dom/dist/wait-for.js:163:27
 ❯ node_modules/@testing-library/dom/dist/query-helpers.js:86:33
 ❯ components/missions/task-list.test.tsx:151:16
    149|   render(<TaskList missionId="1" readonly={true} />)
    150|   
    151|   await screen.findByText(/Task 1/i)
       |                ^
    152|   
    153|   // Checkboxes should be disabled

⎯⎯⎯⎯⎯⎯⎯⎯⎯⎯⎯⎯⎯⎯⎯⎯⎯⎯⎯⎯⎯⎯[44/50]⎯

⎯⎯⎯⎯⎯⎯ Unhandled Errors ⎯⎯⎯⎯⎯⎯

Vitest caught 10 unhandled errors during the test run.
This might cause false positive tests. Resolve unhandled errors to make sure your tests are not affected.

⎯⎯⎯⎯ Unhandled Rejection ⎯⎯⎯⎯⎯
MissingAPIError: IndexedDB API missing. Please visit https://tinyurl.com/y2uuvskb
⎯⎯⎯⎯⎯⎯⎯⎯⎯⎯⎯⎯⎯⎯⎯⎯⎯⎯⎯⎯⎯⎯⎯⎯⎯⎯⎯⎯⎯⎯
Serialized Error: { inner: null }
This error originated in "components/missions/task-list.test.tsx" test file. It doesn't mean the error was thrown inside the file itself, but while it was running.
The latest test that might've caused the error is "renders task list with completion and estimation". It might mean one of the following:
- The error was thrown, while Vitest was running this test.
- If the error occurred after the test had been completed, this was the last documented test before it was thrown.

⎯⎯⎯⎯ Unhandled Rejection ⎯⎯⎯⎯⎯
MissingAPIError: IndexedDB API missing. Please visit https://tinyurl.com/y2uuvskb
⎯⎯⎯⎯⎯⎯⎯⎯⎯⎯⎯⎯⎯⎯⎯⎯⎯⎯⎯⎯⎯⎯⎯⎯⎯⎯⎯⎯⎯⎯
Serialized Error: { inner: null }
This error originated in "components/missions/mission-form-locked.test.tsx" test file. It doesn't mean the error was thrown inside the file itself, but while it was running.
The latest test that might've caused the error is "disables project selection and shows project name when isProjectLocked is true". It might mean one of the following:
- The error was thrown, while Vitest was running this test.
- If the error occurred after the test had been completed, this was the last documented test before it was thrown.

⎯⎯⎯⎯ Unhandled Rejection ⎯⎯⎯⎯⎯
MissingAPIError: IndexedDB API missing. Please visit https://tinyurl.com/y2uuvskb
⎯⎯⎯⎯⎯⎯⎯⎯⎯⎯⎯⎯⎯⎯⎯⎯⎯⎯⎯⎯⎯⎯⎯⎯⎯⎯⎯⎯⎯⎯
Serialized Error: { inner: null }
This error originated in "components/missions/task-list.test.tsx" test file. It doesn't mean the error was thrown inside the file itself, but while it was running.
The latest test that might've caused the error is "clicking checkbox calls updateTask". It might mean one of the following:
- The error was thrown, while Vitest was running this test.
- If the error occurred after the test had been completed, this was the last documented test before it was thrown.

⎯⎯⎯⎯ Unhandled Rejection ⎯⎯⎯⎯⎯
MissingAPIError: IndexedDB API missing. Please visit https://tinyurl.com/y2uuvskb
⎯⎯⎯⎯⎯⎯⎯⎯⎯⎯⎯⎯⎯⎯⎯⎯⎯⎯⎯⎯⎯⎯⎯⎯⎯⎯⎯⎯⎯⎯
Serialized Error: { inner: null }
This error originated in "components/missions/task-list.test.tsx" test file. It doesn't mean the error was thrown inside the file itself, but while it was running.
The latest test that might've caused the error is "changing estimation calls updateTask via popover on double click". It might mean one of the following:
- The error was thrown, while Vitest was running this test.
- If the error occurred after the test had been completed, this was the last documented test before it was thrown.

⎯⎯⎯⎯ Unhandled Rejection ⎯⎯⎯⎯⎯
MissingAPIError: IndexedDB API missing. Please visit https://tinyurl.com/y2uuvskb
⎯⎯⎯⎯⎯⎯⎯⎯⎯⎯⎯⎯⎯⎯⎯⎯⎯⎯⎯⎯⎯⎯⎯⎯⎯⎯⎯⎯⎯⎯
Serialized Error: { inner: null }
This error originated in "components/missions/task-list.test.tsx" test file. It doesn't mean the error was thrown inside the file itself, but while it was running.
The latest test that might've caused the error is "double-clicking a task title enters edit mode". It might mean one of the following:
- The error was thrown, while Vitest was running this test.
- If the error occurred after the test had been completed, this was the last documented test before it was thrown.

⎯⎯⎯⎯ Unhandled Rejection ⎯⎯⎯⎯⎯
MissingAPIError: IndexedDB API missing. Please visit https://tinyurl.com/y2uuvskb
⎯⎯⎯⎯⎯⎯⎯⎯⎯⎯⎯⎯⎯⎯⎯⎯⎯⎯⎯⎯⎯⎯⎯⎯⎯⎯⎯⎯⎯⎯
Serialized Error: { inner: null }
This error originated in "components/missions/task-list.test.tsx" test file. It doesn't mean the error was thrown inside the file itself, but while it was running.
The latest test that might've caused the error is "displays clarified task counter". It might mean one of the following:
- The error was thrown, while Vitest was running this test.
- If the error occurred after the test had been completed, this was the last documented test before it was thrown.

⎯⎯⎯⎯ Unhandled Rejection ⎯⎯⎯⎯⎯
MissingAPIError: IndexedDB API missing. Please visit https://tinyurl.com/y2uuvskb
⎯⎯⎯⎯⎯⎯⎯⎯⎯⎯⎯⎯⎯⎯⎯⎯⎯⎯⎯⎯⎯⎯⎯⎯⎯⎯⎯⎯⎯⎯
Serialized Error: { inner: null }
This error originated in "components/missions/task-list.test.tsx" test file. It doesn't mean the error was thrown inside the file itself, but while it was running.
The latest test that might've caused the error is "renders in read-only mode correctly". It might mean one of the following:
- The error was thrown, while Vitest was running this test.
- If the error occurred after the test had been completed, this was the last documented test before it was thrown.

⎯⎯⎯⎯ Unhandled Rejection ⎯⎯⎯⎯⎯
MissingAPIError: IndexedDB API missing. Please visit https://tinyurl.com/y2uuvskb
⎯⎯⎯⎯⎯⎯⎯⎯⎯⎯⎯⎯⎯⎯⎯⎯⎯⎯⎯⎯⎯⎯⎯⎯⎯⎯⎯⎯⎯⎯
Serialized Error: { inner: null }
This error originated in "components/missions/mission-form.test.tsx" test file. It doesn't mean the error was thrown inside the file itself, but while it was running.
The latest test that might've caused the error is "submitting the form calls createMission and onSuccess". It might mean one of the following:
- The error was thrown, while Vitest was running this test.
- If the error occurred after the test had been completed, this was the last documented test before it was thrown.

⎯⎯⎯⎯ Unhandled Rejection ⎯⎯⎯⎯⎯
MissingAPIError: IndexedDB API missing. Please visit https://tinyurl.com/y2uuvskb
⎯⎯⎯⎯⎯⎯⎯⎯⎯⎯⎯⎯⎯⎯⎯⎯⎯⎯⎯⎯⎯⎯⎯⎯⎯⎯⎯⎯⎯⎯
Serialized Error: { inner: null }
This error originated in "components/missions/mission-form.test.tsx" test file. It doesn't mean the error was thrown inside the file itself, but while it was running.
The latest test that might've caused the error is "submitting the form calls createMission and onSuccess". It might mean one of the following:
- The error was thrown, while Vitest was running this test.
- If the error occurred after the test had been completed, this was the last documented test before it was thrown.

⎯⎯⎯⎯ Unhandled Rejection ⎯⎯⎯⎯⎯
MissingAPIError: IndexedDB API missing. Please visit https://tinyurl.com/y2uuvskb
⎯⎯⎯⎯⎯⎯⎯⎯⎯⎯⎯⎯⎯⎯⎯⎯⎯⎯⎯⎯⎯⎯⎯⎯⎯⎯⎯⎯⎯⎯
Serialized Error: { inner: null }
This error originated in "components/missions/mission-form.test.tsx" test file. It doesn't mean the error was thrown inside the file itself, but while it was running.
The latest test that might've caused the error is "submitting the form calls createMission and onSuccess". It might mean one of the following:
- The error was thrown, while Vitest was running this test.
- If the error occurred after the test had been completed, this was the last documented test before it was thrown.
⎯⎯⎯⎯⎯⎯⎯⎯⎯⎯⎯⎯⎯⎯⎯⎯⎯⎯⎯⎯⎯⎯⎯⎯⎯⎯⎯⎯⎯⎯


[2m Test Files [22m [1m[31m45 failed[39m[22m[2m | [22m[1m[32m23 passed[39m[22m[90m (68)[39m
[2m      Tests [22m [1m[31m7 failed[39m[22m[2m | [22m[1m[32m99 passed[39m[22m[90m (106)[39m
[2m     Errors [22m [1m[31m10 errors[39m[22m
[2m   Start at [22m 00:31:58
[2m   Duration [22m 51.00s[2m (transform 6.26s, setup 0ms, import 110.36s, tests 25.74s, environment 409.85s)[22m

